0020:SPACE
0021:EXCLAMATION MARK
0022:QUOTATION MARK
0023:NUMBER SIGN
0024:DOLLAR SIGN
0025:PERCENT SIGN
0026:AMPERSAND
0027:APOSTROPHE
0028:LEFT PARENTHESIS
0029:RIGHT PARENTHESIS
002A:ASTERISK
002B:PLUS SIGN
002C:COMMA
002D:HYPHEN-MINUS
002E:FULL STOP
002F:SOLIDUS
0030:DIGIT ZERO
0031:DIGIT ONE
0032:DIGIT TWO
0033:DIGIT THREE
0034:DIGIT FOUR
0035:DIGIT FIVE
0036:DIGIT SIX
0037:DIGIT SEVEN
0038:DIGIT EIGHT
0039:DIGIT NINE
003A:COLON
003B:SEMICOLON
003C:LESS-THAN SIGN
003D:EQUALS SIGN
003E:GREATER-THAN SIGN
003F:QUESTION MARK
0040:COMMERCIAL AT
0041:LATIN CAPITAL LETTER A
0042:LATIN CAPITAL LETTER B
0043:LATIN CAPITAL LETTER C
0044:LATIN CAPITAL LETTER D
0045:LATIN CAPITAL LETTER E
0046:LATIN CAPITAL LETTER F
0047:LATIN CAPITAL LETTER G
0048:LATIN CAPITAL LETTER H
0049:LATIN CAPITAL LETTER I
004A:LATIN CAPITAL LETTER J
004B:LATIN CAPITAL LETTER K
004C:LATIN CAPITAL LETTER L
004D:LATIN CAPITAL LETTER M
004E:LATIN CAPITAL LETTER N
004F:LATIN CAPITAL LETTER O
0050:LATIN CAPITAL LETTER P
0051:LATIN CAPITAL LETTER Q
0052:LATIN CAPITAL LETTER R
0053:LATIN CAPITAL LETTER S
0054:LATIN CAPITAL LETTER T
0055:LATIN CAPITAL LETTER U
0056:LATIN CAPITAL LETTER V
0057:LATIN CAPITAL LETTER W
0058:LATIN CAPITAL LETTER X
0059:LATIN CAPITAL LETTER Y
005A:LATIN CAPITAL LETTER Z
005B:LEFT SQUARE BRACKET
005C:REVERSE SOLIDUS
005D:RIGHT SQUARE BRACKET
005E:CIRCUMFLEX ACCENT
005F:LOW LINE
0060:GRAVE ACCENT
0061:LATIN SMALL LETTER A
0062:LATIN SMALL LETTER B
0063:LATIN SMALL LETTER C
0064:LATIN SMALL LETTER D
0065:LATIN SMALL LETTER E
0066:LATIN SMALL LETTER F
0067:LATIN SMALL LETTER G
0068:LATIN SMALL LETTER H
0069:LATIN SMALL LETTER I
006A:LATIN SMALL LETTER J
006B:LATIN SMALL LETTER K
006C:LATIN SMALL LETTER L
006D:LATIN SMALL LETTER M
006E:LATIN SMALL LETTER N
006F:LATIN SMALL LETTER O
0070:LATIN SMALL LETTER P
0071:LATIN SMALL LETTER Q
0072:LATIN SMALL LETTER R
0073:LATIN SMALL LETTER S
0074:LATIN SMALL LETTER T
0075:LATIN SMALL LETTER U
0076:LATIN SMALL LETTER V
0077:LATIN SMALL LETTER W
0078:LATIN SMALL LETTER X
0079:LATIN SMALL LETTER Y
007A:LATIN SMALL LETTER Z
007B:LEFT CURLY BRACKET
007C:VERTICAL LINE
007D:RIGHT CURLY BRACKET
007E:TILDE
00A0:NO-BREAK SPACE
00A1:INVERTED EXCLAMATION MARK
00A2:CENT SIGN
00A3:POUND SIGN
00A4:CURRENCY SIGN
00A5:YEN SIGN
00A6:BROKEN BAR
00A7:SECTION SIGN
00A8:DIAERESIS
00A9:COPYRIGHT SIGN
00AA:FEMININE ORDINAL INDICATOR
00AB:LEFT-POINTING DOUBLE ANGLE QUOTATION MARK
00AC:NOT SIGN
00AD:SOFT HYPHEN
00AE:REGISTERED SIGN
00AF:MACRON
00B0:DEGREE SIGN
00B1:PLUS-MINUS SIGN
00B2:SUPERSCRIPT TWO
00B3:SUPERSCRIPT THREE
00B4:ACUTE ACCENT
00B5:MICRO SIGN
00B6:PILCROW SIGN
00B7:MIDDLE DOT
00B8:CEDILLA
00B9:SUPERSCRIPT ONE
00BA:MASCULINE ORDINAL INDICATOR
00BB:RIGHT-POINTING DOUBLE ANGLE QUOTATION MARK
00BC:VULGAR FRACTION ONE QUARTER
00BD:VULGAR FRACTION ONE HALF
00BE:VULGAR FRACTION THREE QUARTERS
00BF:INVERTED QUESTION MARK
00C0:LATIN CAPITAL LETTER A WITH GRAVE
00C1:LATIN CAPITAL LETTER A WITH ACUTE
00C2:LATIN CAPITAL LETTER A WITH CIRCUMFLEX
00C3:LATIN CAPITAL LETTER A WITH TILDE
00C4:LATIN CAPITAL LETTER A WITH DIAERESIS
00C5:LATIN CAPITAL LETTER A WITH RING ABOVE
00C6:LATIN CAPITAL LETTER AE
00C7:LATIN CAPITAL LETTER C WITH CEDILLA
00C8:LATIN CAPITAL LETTER E WITH GRAVE
00C9:LATIN CAPITAL LETTER E WITH ACUTE
00CA:LATIN CAPITAL LETTER E WITH CIRCUMFLEX
00CB:LATIN CAPITAL LETTER E WITH DIAERESIS
00CC:LATIN CAPITAL LETTER I WITH GRAVE
00CD:LATIN CAPITAL LETTER I WITH ACUTE
00CE:LATIN CAPITAL LETTER I WITH CIRCUMFLEX
00CF:LATIN CAPITAL LETTER I WITH DIAERESIS
00D0:LATIN CAPITAL LETTER ETH
00D1:LATIN CAPITAL LETTER N WITH TILDE
00D2:LATIN CAPITAL LETTER O WITH GRAVE
00D3:LATIN CAPITAL LETTER O WITH ACUTE
00D4:LATIN CAPITAL LETTER O WITH CIRCUMFLEX
00D5:LATIN CAPITAL LETTER O WITH TILDE
00D6:LATIN CAPITAL LETTER O WITH DIAERESIS
00D7:MULTIPLICATION SIGN
00D8:LATIN CAPITAL LETTER O WITH STROKE
00D9:LATIN CAPITAL LETTER U WITH GRAVE
00DA:LATIN CAPITAL LETTER U WITH ACUTE
00DB:LATIN CAPITAL LETTER U WITH CIRCUMFLEX
00DC:LATIN CAPITAL LETTER U WITH DIAERESIS
00DD:LATIN CAPITAL LETTER Y WITH ACUTE
00DE:LATIN CAPITAL LETTER THORN
00DF:LATIN SMALL LETTER SHARP S
00E0:LATIN SMALL LETTER A WITH GRAVE
00E1:LATIN SMALL LETTER A WITH ACUTE
00E2:LATIN SMALL LETTER A WITH CIRCUMFLEX
00E3:LATIN SMALL LETTER A WITH TILDE
00E4:LATIN SMALL LETTER A WITH DIAERESIS
00E5:LATIN SMALL LETTER A WITH RING ABOVE
00E6:LATIN SMALL LETTER AE
00E7:LATIN SMALL LETTER C WITH CEDILLA
00E8:LATIN SMALL LETTER E WITH GRAVE
00E9:LATIN SMALL LETTER E WITH ACUTE
00EA:LATIN SMALL LETTER E WITH CIRCUMFLEX
00EB:LATIN SMALL LETTER E WITH DIAERESIS
00EC:LATIN SMALL LETTER I WITH GRAVE
00ED:LATIN SMALL LETTER I WITH ACUTE
00EE:LATIN SMALL LETTER I WITH CIRCUMFLEX
00EF:LATIN SMALL LETTER I WITH DIAERESIS
00F0:LATIN SMALL LETTER ETH
00F1:LATIN SMALL LETTER N WITH TILDE
00F2:LATIN SMALL LETTER O WITH GRAVE
00F3:LATIN SMALL LETTER O WITH ACUTE
00F4:LATIN SMALL LETTER O WITH CIRCUMFLEX
00F5:LATIN SMALL LETTER O WITH TILDE
00F6:LATIN SMALL LETTER O WITH DIAERESIS
00F7:DIVISION SIGN
00F8:LATIN SMALL LETTER O WITH STROKE
00F9:LATIN SMALL LETTER U WITH GRAVE
00FA:LATIN SMALL LETTER U WITH ACUTE
00FB:LATIN SMALL LETTER U WITH CIRCUMFLEX
00FC:LATIN SMALL LETTER U WITH DIAERESIS
00FD:LATIN SMALL LETTER Y WITH ACUTE
00FE:LATIN SMALL LETTER THORN
00FF:LATIN SMALL LETTER Y WITH DIAERESIS
0100:LATIN CAPITAL LETTER A WITH MACRON
0101:LATIN SMALL LETTER A WITH MACRON
0102:LATIN CAPITAL LETTER A WITH BREVE
0103:LATIN SMALL LETTER A WITH BREVE
0104:LATIN CAPITAL LETTER A WITH OGONEK
0105:LATIN SMALL LETTER A WITH OGONEK
0106:LATIN CAPITAL LETTER C WITH ACUTE
0107:LATIN SMALL LETTER C WITH ACUTE
0108:LATIN CAPITAL LETTER C WITH CIRCUMFLEX
0109:LATIN SMALL LETTER C WITH CIRCUMFLEX
010A:LATIN CAPITAL LETTER C WITH DOT ABOVE
010B:LATIN SMALL LETTER C WITH DOT ABOVE
010C:LATIN CAPITAL LETTER C WITH CARON
010D:LATIN SMALL LETTER C WITH CARON
010E:LATIN CAPITAL LETTER D WITH CARON
010F:LATIN SMALL LETTER D WITH CARON
0110:LATIN CAPITAL LETTER D WITH STROKE
0111:LATIN SMALL LETTER D WITH STROKE
0112:LATIN CAPITAL LETTER E WITH MACRON
0113:LATIN SMALL LETTER E WITH MACRON
0114:LATIN CAPITAL LETTER E WITH BREVE
0115:LATIN SMALL LETTER E WITH BREVE
0116:LATIN CAPITAL LETTER E WITH DOT ABOVE
0117:LATIN SMALL LETTER E WITH DOT ABOVE
0118:LATIN CAPITAL LETTER E WITH OGONEK
0119:LATIN SMALL LETTER E WITH OGONEK
011A:LATIN CAPITAL LETTER E WITH CARON
011B:LATIN SMALL LETTER E WITH CARON
011C:LATIN CAPITAL LETTER G WITH CIRCUMFLEX
011D:LATIN SMALL LETTER G WITH CIRCUMFLEX
011E:LATIN CAPITAL LETTER G WITH BREVE
011F:LATIN SMALL LETTER G WITH BREVE
0120:LATIN CAPITAL LETTER G WITH DOT ABOVE
0121:LATIN SMALL LETTER G WITH DOT ABOVE
0122:LATIN CAPITAL LETTER G WITH CEDILLA
0123:LATIN SMALL LETTER G WITH CEDILLA
0124:LATIN CAPITAL LETTER H WITH CIRCUMFLEX
0125:LATIN SMALL LETTER H WITH CIRCUMFLEX
0126:LATIN CAPITAL LETTER H WITH STROKE
0127:LATIN SMALL LETTER H WITH STROKE
0128:LATIN CAPITAL LETTER I WITH TILDE
0129:LATIN SMALL LETTER I WITH TILDE
012A:LATIN CAPITAL LETTER I WITH MACRON
012B:LATIN SMALL LETTER I WITH MACRON
012C:LATIN CAPITAL LETTER I WITH BREVE
012D:LATIN SMALL LETTER I WITH BREVE
012E:LATIN CAPITAL LETTER I WITH OGONEK
012F:LATIN SMALL LETTER I WITH OGONEK
0130:LATIN CAPITAL LETTER I WITH DOT ABOVE
0131:LATIN SMALL LETTER DOTLESS I
0132:LATIN CAPITAL LIGATURE IJ
0133:LATIN SMALL LIGATURE IJ
0134:LATIN CAPITAL LETTER J WITH CIRCUMFLEX
0135:LATIN SMALL LETTER J WITH CIRCUMFLEX
0136:LATIN CAPITAL LETTER K WITH CEDILLA
0137:LATIN SMALL LETTER K WITH CEDILLA
0138:LATIN SMALL LETTER KRA
0139:LATIN CAPITAL LETTER L WITH ACUTE
013A:LATIN SMALL LETTER L WITH ACUTE
013B:LATIN CAPITAL LETTER L WITH CEDILLA
013C:LATIN SMALL LETTER L WITH CEDILLA
013D:LATIN CAPITAL LETTER L WITH CARON
013E:LATIN SMALL LETTER L WITH CARON
013F:LATIN CAPITAL LETTER L WITH MIDDLE DOT
0140:LATIN SMALL LETTER L WITH MIDDLE DOT
0141:LATIN CAPITAL LETTER L WITH STROKE
0142:LATIN SMALL LETTER L WITH STROKE
0143:LATIN CAPITAL LETTER N WITH ACUTE
0144:LATIN SMALL LETTER N WITH ACUTE
0145:LATIN CAPITAL LETTER N WITH CEDILLA
0146:LATIN SMALL LETTER N WITH CEDILLA
0147:LATIN CAPITAL LETTER N WITH CARON
0148:LATIN SMALL LETTER N WITH CARON
0149:LATIN SMALL LETTER N PRECEDED BY APOSTROPHE
014A:LATIN CAPITAL LETTER ENG
014B:LATIN SMALL LETTER ENG
014C:LATIN CAPITAL LETTER O WITH MACRON
014D:LATIN SMALL LETTER O WITH MACRON
014E:LATIN CAPITAL LETTER O WITH BREVE
014F:LATIN SMALL LETTER O WITH BREVE
0150:LATIN CAPITAL LETTER O WITH DOUBLE ACUTE
0151:LATIN SMALL LETTER O WITH DOUBLE ACUTE
0152:LATIN CAPITAL LIGATURE OE
0153:LATIN SMALL LIGATURE OE
0154:LATIN CAPITAL LETTER R WITH ACUTE
0155:LATIN SMALL LETTER R WITH ACUTE
0156:LATIN CAPITAL LETTER R WITH CEDILLA
0157:LATIN SMALL LETTER R WITH CEDILLA
0158:LATIN CAPITAL LETTER R WITH CARON
0159:LATIN SMALL LETTER R WITH CARON
015A:LATIN CAPITAL LETTER S WITH ACUTE
015B:LATIN SMALL LETTER S WITH ACUTE
015C:LATIN CAPITAL LETTER S WITH CIRCUMFLEX
015D:LATIN SMALL LETTER S WITH CIRCUMFLEX
015E:LATIN CAPITAL LETTER S WITH CEDILLA
015F:LATIN SMALL LETTER S WITH CEDILLA
0160:LATIN CAPITAL LETTER S WITH CARON
0161:LATIN SMALL LETTER S WITH CARON
0162:LATIN CAPITAL LETTER T WITH CEDILLA
0163:LATIN SMALL LETTER T WITH CEDILLA
0164:LATIN CAPITAL LETTER T WITH CARON
0165:LATIN SMALL LETTER T WITH CARON
0166:LATIN CAPITAL LETTER T WITH STROKE
0167:LATIN SMALL LETTER T WITH STROKE
0168:LATIN CAPITAL LETTER U WITH TILDE
0169:LATIN SMALL LETTER U WITH TILDE
016A:LATIN CAPITAL LETTER U WITH MACRON
016B:LATIN SMALL LETTER U WITH MACRON
016C:LATIN CAPITAL LETTER U WITH BREVE
016D:LATIN SMALL LETTER U WITH BREVE
016E:LATIN CAPITAL LETTER U WITH RING ABOVE
016F:LATIN SMALL LETTER U WITH RING ABOVE
0170:LATIN CAPITAL LETTER U WITH DOUBLE ACUTE
0171:LATIN SMALL LETTER U WITH DOUBLE ACUTE
0172:LATIN CAPITAL LETTER U WITH OGONEK
0173:LATIN SMALL LETTER U WITH OGONEK
0174:LATIN CAPITAL LETTER W WITH CIRCUMFLEX
0175:LATIN SMALL LETTER W WITH CIRCUMFLEX
0176:LATIN CAPITAL LETTER Y WITH CIRCUMFLEX
0177:LATIN SMALL LETTER Y WITH CIRCUMFLEX
0178:LATIN CAPITAL LETTER Y WITH DIAERESIS
0179:LATIN CAPITAL LETTER Z WITH ACUTE
017A:LATIN SMALL LETTER Z WITH ACUTE
017B:LATIN CAPITAL LETTER Z WITH DOT ABOVE
017C:LATIN SMALL LETTER Z WITH DOT ABOVE
017D:LATIN CAPITAL LETTER Z WITH CARON
017E:LATIN SMALL LETTER Z WITH CARON
017F:LATIN SMALL LETTER LONG S
0180:LATIN SMALL LETTER B WITH STROKE
0181:LATIN CAPITAL LETTER B WITH HOOK
0182:LATIN CAPITAL LETTER B WITH TOPBAR
0183:LATIN SMALL LETTER B WITH TOPBAR
0184:LATIN CAPITAL LETTER TONE SIX
0185:LATIN SMALL LETTER TONE SIX
0186:LATIN CAPITAL LETTER OPEN O
0187:LATIN CAPITAL LETTER C WITH HOOK
0188:LATIN SMALL LETTER C WITH HOOK
0189:LATIN CAPITAL LETTER AFRICAN D
018A:LATIN CAPITAL LETTER D WITH HOOK
018B:LATIN CAPITAL LETTER D WITH TOPBAR
018C:LATIN SMALL LETTER D WITH TOPBAR
018D:LATIN SMALL LETTER TURNED DELTA
018E:LATIN CAPITAL LETTER REVERSED E
018F:LATIN CAPITAL LETTER SCHWA
0190:LATIN CAPITAL LETTER OPEN E
0191:LATIN CAPITAL LETTER F WITH HOOK
0192:LATIN SMALL LETTER F WITH HOOK
0193:LATIN CAPITAL LETTER G WITH HOOK
0194:LATIN CAPITAL LETTER GAMMA
0195:LATIN SMALL LETTER HV
0196:LATIN CAPITAL LETTER IOTA
0197:LATIN CAPITAL LETTER I WITH STROKE
0198:LATIN CAPITAL LETTER K WITH HOOK
0199:LATIN SMALL LETTER K WITH HOOK
019A:LATIN SMALL LETTER L WITH BAR
019B:LATIN SMALL LETTER LAMBDA WITH STROKE
019C:LATIN CAPITAL LETTER TURNED M
019D:LATIN CAPITAL LETTER N WITH LEFT HOOK
019E:LATIN SMALL LETTER N WITH LONG RIGHT LEG
019F:LATIN CAPITAL LETTER O WITH MIDDLE TILDE
01A0:LATIN CAPITAL LETTER O WITH HORN
01A1:LATIN SMALL LETTER O WITH HORN
01A2:LATIN CAPITAL LETTER OI
01A3:LATIN SMALL LETTER OI
01A4:LATIN CAPITAL LETTER P WITH HOOK
01A5:LATIN SMALL LETTER P WITH HOOK
01A6:LATIN LETTER YR
01A7:LATIN CAPITAL LETTER TONE TWO
01A8:LATIN SMALL LETTER TONE TWO
01A9:LATIN CAPITAL LETTER ESH
01AA:LATIN LETTER REVERSED ESH LOOP
01AB:LATIN SMALL LETTER T WITH PALATAL HOOK
01AC:LATIN CAPITAL LETTER T WITH HOOK
01AD:LATIN SMALL LETTER T WITH HOOK
01AE:LATIN CAPITAL LETTER T WITH RETROFLEX HOOK
01AF:LATIN CAPITAL LETTER U WITH HORN
01B0:LATIN SMALL LETTER U WITH HORN
01B1:LATIN CAPITAL LETTER UPSILON
01B2:LATIN CAPITAL LETTER V WITH HOOK
01B3:LATIN CAPITAL LETTER Y WITH HOOK
01B4:LATIN SMALL LETTER Y WITH HOOK
01B5:LATIN CAPITAL LETTER Z WITH STROKE
01B6:LATIN SMALL LETTER Z WITH STROKE
01B7:LATIN CAPITAL LETTER EZH
01B8:LATIN CAPITAL LETTER EZH REVERSED
01B9:LATIN SMALL LETTER EZH REVERSED
01BA:LATIN SMALL LETTER EZH WITH TAIL
01BB:LATIN LETTER TWO WITH STROKE
01BC:LATIN CAPITAL LETTER TONE FIVE
01BD:LATIN SMALL LETTER TONE FIVE
01BE:LATIN LETTER INVERTED GLOTTAL STOP WITH STROKE
01BF:LATIN LETTER WYNN
01C0:LATIN LETTER DENTAL CLICK
01C1:LATIN LETTER LATERAL CLICK
01C2:LATIN LETTER ALVEOLAR CLICK
01C3:LATIN LETTER RETROFLEX CLICK
01C4:LATIN CAPITAL LETTER DZ WITH CARON
01C5:LATIN CAPITAL LETTER D WITH SMALL LETTER Z WITH CARON
01C6:LATIN SMALL LETTER DZ WITH CARON
01C7:LATIN CAPITAL LETTER LJ
01C8:LATIN CAPITAL LETTER L WITH SMALL LETTER J
01C9:LATIN SMALL LETTER LJ
01CA:LATIN CAPITAL LETTER NJ
01CB:LATIN CAPITAL LETTER N WITH SMALL LETTER J
01CC:LATIN SMALL LETTER NJ
01CD:LATIN CAPITAL LETTER A WITH CARON
01CE:LATIN SMALL LETTER A WITH CARON
01CF:LATIN CAPITAL LETTER I WITH CARON
01D0:LATIN SMALL LETTER I WITH CARON
01D1:LATIN CAPITAL LETTER O WITH CARON
01D2:LATIN SMALL LETTER O WITH CARON
01D3:LATIN CAPITAL LETTER U WITH CARON
01D4:LATIN SMALL LETTER U WITH CARON
01D5:LATIN CAPITAL LETTER U WITH DIAERESIS AND MACRON
01D6:LATIN SMALL LETTER U WITH DIAERESIS AND MACRON
01D7:LATIN CAPITAL LETTER U WITH DIAERESIS AND ACUTE
01D8:LATIN SMALL LETTER U WITH DIAERESIS AND ACUTE
01D9:LATIN CAPITAL LETTER U WITH DIAERESIS AND CARON
01DA:LATIN SMALL LETTER U WITH DIAERESIS AND CARON
01DB:LATIN CAPITAL LETTER U WITH DIAERESIS AND GRAVE
01DC:LATIN SMALL LETTER U WITH DIAERESIS AND GRAVE
01DD:LATIN SMALL LETTER TURNED E
01DE:LATIN CAPITAL LETTER A WITH DIAERESIS AND MACRON
01DF:LATIN SMALL LETTER A WITH DIAERESIS AND MACRON
01E0:LATIN CAPITAL LETTER A WITH DOT ABOVE AND MACRON
01E1:LATIN SMALL LETTER A WITH DOT ABOVE AND MACRON
01E2:LATIN CAPITAL LETTER AE WITH MACRON
01E3:LATIN SMALL LETTER AE WITH MACRON
01E4:LATIN CAPITAL LETTER G WITH STROKE
01E5:LATIN SMALL LETTER G WITH STROKE
01E6:LATIN CAPITAL LETTER G WITH CARON
01E7:LATIN SMALL LETTER G WITH CARON
01E8:LATIN CAPITAL LETTER K WITH CARON
01E9:LATIN SMALL LETTER K WITH CARON
01EA:LATIN CAPITAL LETTER O WITH OGONEK
01EB:LATIN SMALL LETTER O WITH OGONEK
01EC:LATIN CAPITAL LETTER O WITH OGONEK AND MACRON
01ED:LATIN SMALL LETTER O WITH OGONEK AND MACRON
01EE:LATIN CAPITAL LETTER EZH WITH CARON
01EF:LATIN SMALL LETTER EZH WITH CARON
01F0:LATIN SMALL LETTER J WITH CARON
01F1:LATIN CAPITAL LETTER DZ
01F2:LATIN CAPITAL LETTER D WITH SMALL LETTER Z
01F3:LATIN SMALL LETTER DZ
01F4:LATIN CAPITAL LETTER G WITH ACUTE
01F5:LATIN SMALL LETTER G WITH ACUTE
01F6:LATIN CAPITAL LETTER HWAIR
01F7:LATIN CAPITAL LETTER WYNN
01F8:LATIN CAPITAL LETTER N WITH GRAVE
01F9:LATIN SMALL LETTER N WITH GRAVE
01FA:LATIN CAPITAL LETTER A WITH RING ABOVE AND ACUTE
01FB:LATIN SMALL LETTER A WITH RING ABOVE AND ACUTE
01FC:LATIN CAPITAL LETTER AE WITH ACUTE
01FD:LATIN SMALL LETTER AE WITH ACUTE
01FE:LATIN CAPITAL LETTER O WITH STROKE AND ACUTE
01FF:LATIN SMALL LETTER O WITH STROKE AND ACUTE
0200:LATIN CAPITAL LETTER A WITH DOUBLE GRAVE
0201:LATIN SMALL LETTER A WITH DOUBLE GRAVE
0202:LATIN CAPITAL LETTER A WITH INVERTED BREVE
0203:LATIN SMALL LETTER A WITH INVERTED BREVE
0204:LATIN CAPITAL LETTER E WITH DOUBLE GRAVE
0205:LATIN SMALL LETTER E WITH DOUBLE GRAVE
0206:LATIN CAPITAL LETTER E WITH INVERTED BREVE
0207:LATIN SMALL LETTER E WITH INVERTED BREVE
0208:LATIN CAPITAL LETTER I WITH DOUBLE GRAVE
0209:LATIN SMALL LETTER I WITH DOUBLE GRAVE
020A:LATIN CAPITAL LETTER I WITH INVERTED BREVE
020B:LATIN SMALL LETTER I WITH INVERTED BREVE
020C:LATIN CAPITAL LETTER O WITH DOUBLE GRAVE
020D:LATIN SMALL LETTER O WITH DOUBLE GRAVE
020E:LATIN CAPITAL LETTER O WITH INVERTED BREVE
020F:LATIN SMALL LETTER O WITH INVERTED BREVE
0210:LATIN CAPITAL LETTER R WITH DOUBLE GRAVE
0211:LATIN SMALL LETTER R WITH DOUBLE GRAVE
0212:LATIN CAPITAL LETTER R WITH INVERTED BREVE
0213:LATIN SMALL LETTER R WITH INVERTED BREVE
0214:LATIN CAPITAL LETTER U WITH DOUBLE GRAVE
0215:LATIN SMALL LETTER U WITH DOUBLE GRAVE
0216:LATIN CAPITAL LETTER U WITH INVERTED BREVE
0217:LATIN SMALL LETTER U WITH INVERTED BREVE
0218:LATIN CAPITAL LETTER S WITH COMMA BELOW
0219:LATIN SMALL LETTER S WITH COMMA BELOW
021A:LATIN CAPITAL LETTER T WITH COMMA BELOW
021B:LATIN SMALL LETTER T WITH COMMA BELOW
021C:LATIN CAPITAL LETTER YOGH
021D:LATIN SMALL LETTER YOGH
021E:LATIN CAPITAL LETTER H WITH CARON
021F:LATIN SMALL LETTER H WITH CARON
0222:LATIN CAPITAL LETTER OU
0223:LATIN SMALL LETTER OU
0224:LATIN CAPITAL LETTER Z WITH HOOK
0225:LATIN SMALL LETTER Z WITH HOOK
0226:LATIN CAPITAL LETTER A WITH DOT ABOVE
0227:LATIN SMALL LETTER A WITH DOT ABOVE
0228:LATIN CAPITAL LETTER E WITH CEDILLA
0229:LATIN SMALL LETTER E WITH CEDILLA
022A:LATIN CAPITAL LETTER O WITH DIAERESIS AND MACRON
022B:LATIN SMALL LETTER O WITH DIAERESIS AND MACRON
022C:LATIN CAPITAL LETTER O WITH TILDE AND MACRON
022D:LATIN SMALL LETTER O WITH TILDE AND MACRON
022E:LATIN CAPITAL LETTER O WITH DOT ABOVE
022F:LATIN SMALL LETTER O WITH DOT ABOVE
0230:LATIN CAPITAL LETTER O WITH DOT ABOVE AND MACRON
0231:LATIN SMALL LETTER O WITH DOT ABOVE AND MACRON
0232:LATIN CAPITAL LETTER Y WITH MACRON
0233:LATIN SMALL LETTER Y WITH MACRON
0250:LATIN SMALL LETTER TURNED A
0251:LATIN SMALL LETTER ALPHA
0252:LATIN SMALL LETTER TURNED ALPHA
0253:LATIN SMALL LETTER B WITH HOOK
0254:LATIN SMALL LETTER OPEN O
0255:LATIN SMALL LETTER C WITH CURL
0256:LATIN SMALL LETTER D WITH TAIL
0257:LATIN SMALL LETTER D WITH HOOK
0258:LATIN SMALL LETTER REVERSED E
0259:LATIN SMALL LETTER SCHWA
025A:LATIN SMALL LETTER SCHWA WITH HOOK
025B:LATIN SMALL LETTER OPEN E
025C:LATIN SMALL LETTER REVERSED OPEN E
025D:LATIN SMALL LETTER REVERSED OPEN E WITH HOOK
025E:LATIN SMALL LETTER CLOSED REVERSED OPEN E
025F:LATIN SMALL LETTER DOTLESS J WITH STROKE
0260:LATIN SMALL LETTER G WITH HOOK
0261:LATIN SMALL LETTER SCRIPT G
0262:LATIN LETTER SMALL CAPITAL G
0263:LATIN SMALL LETTER GAMMA
0264:LATIN SMALL LETTER RAMS HORN
0265:LATIN SMALL LETTER TURNED H
0266:LATIN SMALL LETTER H WITH HOOK
0267:LATIN SMALL LETTER HENG WITH HOOK
0268:LATIN SMALL LETTER I WITH STROKE
0269:LATIN SMALL LETTER IOTA
026A:LATIN LETTER SMALL CAPITAL I
026B:LATIN SMALL LETTER L WITH MIDDLE TILDE
026C:LATIN SMALL LETTER L WITH BELT
026D:LATIN SMALL LETTER L WITH RETROFLEX HOOK
026E:LATIN SMALL LETTER LEZH
026F:LATIN SMALL LETTER TURNED M
0270:LATIN SMALL LETTER TURNED M WITH LONG LEG
0271:LATIN SMALL LETTER M WITH HOOK
0272:LATIN SMALL LETTER N WITH LEFT HOOK
0273:LATIN SMALL LETTER N WITH RETROFLEX HOOK
0274:LATIN LETTER SMALL CAPITAL N
0275:LATIN SMALL LETTER BARRED O
0276:LATIN LETTER SMALL CAPITAL OE
0277:LATIN SMALL LETTER CLOSED OMEGA
0278:LATIN SMALL LETTER PHI
0279:LATIN SMALL LETTER TURNED R
027A:LATIN SMALL LETTER TURNED R WITH LONG LEG
027B:LATIN SMALL LETTER TURNED R WITH HOOK
027C:LATIN SMALL LETTER R WITH LONG LEG
027D:LATIN SMALL LETTER R WITH TAIL
027E:LATIN SMALL LETTER R WITH FISHHOOK
027F:LATIN SMALL LETTER REVERSED R WITH FISHHOOK
0280:LATIN LETTER SMALL CAPITAL R
0281:LATIN LETTER SMALL CAPITAL INVERTED R
0282:LATIN SMALL LETTER S WITH HOOK
0283:LATIN SMALL LETTER ESH
0284:LATIN SMALL LETTER DOTLESS J WITH STROKE AND HOOK
0285:LATIN SMALL LETTER SQUAT REVERSED ESH
0286:LATIN SMALL LETTER ESH WITH CURL
0287:LATIN SMALL LETTER TURNED T
0288:LATIN SMALL LETTER T WITH RETROFLEX HOOK
0289:LATIN SMALL LETTER U BAR
028A:LATIN SMALL LETTER UPSILON
028B:LATIN SMALL LETTER V WITH HOOK
028C:LATIN SMALL LETTER TURNED V
028D:LATIN SMALL LETTER TURNED W
028E:LATIN SMALL LETTER TURNED Y
028F:LATIN LETTER SMALL CAPITAL Y
0290:LATIN SMALL LETTER Z WITH RETROFLEX HOOK
0291:LATIN SMALL LETTER Z WITH CURL
0292:LATIN SMALL LETTER EZH
0293:LATIN SMALL LETTER EZH WITH CURL
0294:LATIN LETTER GLOTTAL STOP
0295:LATIN LETTER PHARYNGEAL VOICED FRICATIVE
0296:LATIN LETTER INVERTED GLOTTAL STOP
0297:LATIN LETTER STRETCHED C
0298:LATIN LETTER BILABIAL CLICK
0299:LATIN LETTER SMALL CAPITAL B
029A:LATIN SMALL LETTER CLOSED OPEN E
029B:LATIN LETTER SMALL CAPITAL G WITH HOOK
029C:LATIN LETTER SMALL CAPITAL H
029D:LATIN SMALL LETTER J WITH CROSSED-TAIL
029E:LATIN SMALL LETTER TURNED K
029F:LATIN LETTER SMALL CAPITAL L
02A0:LATIN SMALL LETTER Q WITH HOOK
02A1:LATIN LETTER GLOTTAL STOP WITH STROKE
02A2:LATIN LETTER REVERSED GLOTTAL STOP WITH STROKE
02A3:LATIN SMALL LETTER DZ DIGRAPH
02A4:LATIN SMALL LETTER DEZH DIGRAPH
02A5:LATIN SMALL LETTER DZ DIGRAPH WITH CURL
02A6:LATIN SMALL LETTER TS DIGRAPH
02A7:LATIN SMALL LETTER TESH DIGRAPH
02A8:LATIN SMALL LETTER TC DIGRAPH WITH CURL
02A9:LATIN SMALL LETTER FENG DIGRAPH
02AA:LATIN SMALL LETTER LS DIGRAPH
02AB:LATIN SMALL LETTER LZ DIGRAPH
02AC:LATIN LETTER BILABIAL PERCUSSIVE
02AD:LATIN LETTER BIDENTAL PERCUSSIVE
02B0:MODIFIER LETTER SMALL H
02B1:MODIFIER LETTER SMALL H WITH HOOK
02B2:MODIFIER LETTER SMALL J
02B3:MODIFIER LETTER SMALL R
02B4:MODIFIER LETTER SMALL TURNED R
02B5:MODIFIER LETTER SMALL TURNED R WITH HOOK
02B6:MODIFIER LETTER SMALL CAPITAL INVERTED R
02B7:MODIFIER LETTER SMALL W
02B8:MODIFIER LETTER SMALL Y
02B9:MODIFIER LETTER PRIME
02BA:MODIFIER LETTER DOUBLE PRIME
02BB:MODIFIER LETTER TURNED COMMA
02BC:MODIFIER LETTER APOSTROPHE
02BD:MODIFIER LETTER REVERSED COMMA
02BE:MODIFIER LETTER RIGHT HALF RING
02BF:MODIFIER LETTER LEFT HALF RING
02C0:MODIFIER LETTER GLOTTAL STOP
02C1:MODIFIER LETTER REVERSED GLOTTAL STOP
02C2:MODIFIER LETTER LEFT ARROWHEAD
02C3:MODIFIER LETTER RIGHT ARROWHEAD
02C4:MODIFIER LETTER UP ARROWHEAD
02C5:MODIFIER LETTER DOWN ARROWHEAD
02C6:MODIFIER LETTER CIRCUMFLEX ACCENT
02C7:CARON
02C8:MODIFIER LETTER VERTICAL LINE
02C9:MODIFIER LETTER MACRON
02CA:MODIFIER LETTER ACUTE ACCENT
02CB:MODIFIER LETTER GRAVE ACCENT
02CC:MODIFIER LETTER LOW VERTICAL LINE
02CD:MODIFIER LETTER LOW MACRON
02CE:MODIFIER LETTER LOW GRAVE ACCENT
02CF:MODIFIER LETTER LOW ACUTE ACCENT
02D0:MODIFIER LETTER TRIANGULAR COLON
02D1:MODIFIER LETTER HALF TRIANGULAR COLON
02D2:MODIFIER LETTER CENTRED RIGHT HALF RING
02D3:MODIFIER LETTER CENTRED LEFT HALF RING
02D4:MODIFIER LETTER UP TACK
02D5:MODIFIER LETTER DOWN TACK
02D6:MODIFIER LETTER PLUS SIGN
02D7:MODIFIER LETTER MINUS SIGN
02D8:BREVE
02D9:DOT ABOVE
02DA:RING ABOVE
02DB:OGONEK
02DC:SMALL TILDE
02DD:DOUBLE ACUTE ACCENT
02DE:MODIFIER LETTER RHOTIC HOOK
02DF:MODIFIER LETTER CROSS ACCENT
02E0:MODIFIER LETTER SMALL GAMMA
02E1:MODIFIER LETTER SMALL L
02E2:MODIFIER LETTER SMALL S
02E3:MODIFIER LETTER SMALL X
02E4:MODIFIER LETTER SMALL REVERSED GLOTTAL STOP
02E5:MODIFIER LETTER EXTRA-HIGH TONE BAR
02E6:MODIFIER LETTER HIGH TONE BAR
02E7:MODIFIER LETTER MID TONE BAR
02E8:MODIFIER LETTER LOW TONE BAR
02E9:MODIFIER LETTER EXTRA-LOW TONE BAR
02EA:MODIFIER LETTER YIN DEPARTING TONE MARK
02EB:MODIFIER LETTER YANG DEPARTING TONE MARK
02EC:MODIFIER LETTER VOICING
02ED:MODIFIER LETTER UNASPIRATED
02EE:MODIFIER LETTER DOUBLE APOSTROPHE
0300:COMBINING GRAVE ACCENT
0301:COMBINING ACUTE ACCENT
0302:COMBINING CIRCUMFLEX ACCENT
0303:COMBINING TILDE
0304:COMBINING MACRON
0305:COMBINING OVERLINE
0306:COMBINING BREVE
0307:COMBINING DOT ABOVE
0308:COMBINING DIAERESIS
0309:COMBINING HOOK ABOVE
030A:COMBINING RING ABOVE
030B:COMBINING DOUBLE ACUTE ACCENT
030C:COMBINING CARON
030D:COMBINING VERTICAL LINE ABOVE
030E:COMBINING DOUBLE VERTICAL LINE ABOVE
030F:COMBINING DOUBLE GRAVE ACCENT
0310:COMBINING CANDRABINDU
0311:COMBINING INVERTED BREVE
0312:COMBINING TURNED COMMA ABOVE
0313:COMBINING COMMA ABOVE
0314:COMBINING REVERSED COMMA ABOVE
0315:COMBINING COMMA ABOVE RIGHT
0316:COMBINING GRAVE ACCENT BELOW
0317:COMBINING ACUTE ACCENT BELOW
0318:COMBINING LEFT TACK BELOW
0319:COMBINING RIGHT TACK BELOW
031A:COMBINING LEFT ANGLE ABOVE
031B:COMBINING HORN
031C:COMBINING LEFT HALF RING BELOW
031D:COMBINING UP TACK BELOW
031E:COMBINING DOWN TACK BELOW
031F:COMBINING PLUS SIGN BELOW
0320:COMBINING MINUS SIGN BELOW
0321:COMBINING PALATALIZED HOOK BELOW
0322:COMBINING RETROFLEX HOOK BELOW
0323:COMBINING DOT BELOW
0324:COMBINING DIAERESIS BELOW
0325:COMBINING RING BELOW
0326:COMBINING COMMA BELOW
0327:COMBINING CEDILLA
0328:COMBINING OGONEK
0329:COMBINING VERTICAL LINE BELOW
032A:COMBINING BRIDGE BELOW
032B:COMBINING INVERTED DOUBLE ARCH BELOW
032C:COMBINING CARON BELOW
032D:COMBINING CIRCUMFLEX ACCENT BELOW
032E:COMBINING BREVE BELOW
032F:COMBINING INVERTED BREVE BELOW
0330:COMBINING TILDE BELOW
0331:COMBINING MACRON BELOW
0332:COMBINING LOW LINE
0333:COMBINING DOUBLE LOW LINE
0334:COMBINING TILDE OVERLAY
0335:COMBINING SHORT STROKE OVERLAY
0336:COMBINING LONG STROKE OVERLAY
0337:COMBINING SHORT SOLIDUS OVERLAY
0338:COMBINING LONG SOLIDUS OVERLAY
0339:COMBINING RIGHT HALF RING BELOW
033A:COMBINING INVERTED BRIDGE BELOW
033B:COMBINING SQUARE BELOW
033C:COMBINING SEAGULL BELOW
033D:COMBINING X ABOVE
033E:COMBINING VERTICAL TILDE
033F:COMBINING DOUBLE OVERLINE
0340:COMBINING GRAVE TONE MARK
0341:COMBINING ACUTE TONE MARK
0342:COMBINING GREEK PERISPOMENI
0343:COMBINING GREEK KORONIS
0344:COMBINING GREEK DIALYTIKA TONOS
0345:COMBINING GREEK YPOGEGRAMMENI
0346:COMBINING BRIDGE ABOVE
0347:COMBINING EQUALS SIGN BELOW
0348:COMBINING DOUBLE VERTICAL LINE BELOW
0349:COMBINING LEFT ANGLE BELOW
034A:COMBINING NOT TILDE ABOVE
034B:COMBINING HOMOTHETIC ABOVE
034C:COMBINING ALMOST EQUAL TO ABOVE
034D:COMBINING LEFT RIGHT ARROW BELOW
034E:COMBINING UPWARDS ARROW BELOW
0360:COMBINING DOUBLE TILDE
0361:COMBINING DOUBLE INVERTED BREVE
0362:COMBINING DOUBLE RIGHTWARDS ARROW BELOW
0374:GREEK NUMERAL SIGN
0375:GREEK LOWER NUMERAL SIGN
037A:GREEK YPOGEGRAMMENI
037E:GREEK QUESTION MARK
0384:GREEK TONOS
0385:GREEK DIALYTIKA TONOS
0386:GREEK CAPITAL LETTER ALPHA WITH TONOS
0387:GREEK ANO TELEIA
0388:GREEK CAPITAL LETTER EPSILON WITH TONOS
0389:GREEK CAPITAL LETTER ETA WITH TONOS
038A:GREEK CAPITAL LETTER IOTA WITH TONOS
038C:GREEK CAPITAL LETTER OMICRON WITH TONOS
038E:GREEK CAPITAL LETTER UPSILON WITH TONOS
038F:GREEK CAPITAL LETTER OMEGA WITH TONOS
0390:GREEK SMALL LETTER IOTA WITH DIALYTIKA AND TONOS
0391:GREEK CAPITAL LETTER ALPHA
0392:GREEK CAPITAL LETTER BETA
0393:GREEK CAPITAL LETTER GAMMA
0394:GREEK CAPITAL LETTER DELTA
0395:GREEK CAPITAL LETTER EPSILON
0396:GREEK CAPITAL LETTER ZETA
0397:GREEK CAPITAL LETTER ETA
0398:GREEK CAPITAL LETTER THETA
0399:GREEK CAPITAL LETTER IOTA
039A:GREEK CAPITAL LETTER KAPPA
039B:GREEK CAPITAL LETTER LAMDA
039C:GREEK CAPITAL LETTER MU
039D:GREEK CAPITAL LETTER NU
039E:GREEK CAPITAL LETTER XI
039F:GREEK CAPITAL LETTER OMICRON
03A0:GREEK CAPITAL LETTER PI
03A1:GREEK CAPITAL LETTER RHO
03A3:GREEK CAPITAL LETTER SIGMA
03A4:GREEK CAPITAL LETTER TAU
03A5:GREEK CAPITAL LETTER UPSILON
03A6:GREEK CAPITAL LETTER PHI
03A7:GREEK CAPITAL LETTER CHI
03A8:GREEK CAPITAL LETTER PSI
03A9:GREEK CAPITAL LETTER OMEGA
03AA:GREEK CAPITAL LETTER IOTA WITH DIALYTIKA
03AB:GREEK CAPITAL LETTER UPSILON WITH DIALYTIKA
03AC:GREEK SMALL LETTER ALPHA WITH TONOS
03AD:GREEK SMALL LETTER EPSILON WITH TONOS
03AE:GREEK SMALL LETTER ETA WITH TONOS
03AF:GREEK SMALL LETTER IOTA WITH TONOS
03B0:GREEK SMALL LETTER UPSILON WITH DIALYTIKA AND TONOS
03B1:GREEK SMALL LETTER ALPHA
03B2:GREEK SMALL LETTER BETA
03B3:GREEK SMALL LETTER GAMMA
03B4:GREEK SMALL LETTER DELTA
03B5:GREEK SMALL LETTER EPSILON
03B6:GREEK SMALL LETTER ZETA
03B7:GREEK SMALL LETTER ETA
03B8:GREEK SMALL LETTER THETA
03B9:GREEK SMALL LETTER IOTA
03BA:GREEK SMALL LETTER KAPPA
03BB:GREEK SMALL LETTER LAMDA
03BC:GREEK SMALL LETTER MU
03BD:GREEK SMALL LETTER NU
03BE:GREEK SMALL LETTER XI
03BF:GREEK SMALL LETTER OMICRON
03C0:GREEK SMALL LETTER PI
03C1:GREEK SMALL LETTER RHO
03C2:GREEK SMALL LETTER FINAL SIGMA
03C3:GREEK SMALL LETTER SIGMA
03C4:GREEK SMALL LETTER TAU
03C5:GREEK SMALL LETTER UPSILON
03C6:GREEK SMALL LETTER PHI
03C7:GREEK SMALL LETTER CHI
03C8:GREEK SMALL LETTER PSI
03C9:GREEK SMALL LETTER OMEGA
03CA:GREEK SMALL LETTER IOTA WITH DIALYTIKA
03CB:GREEK SMALL LETTER UPSILON WITH DIALYTIKA
03CC:GREEK SMALL LETTER OMICRON WITH TONOS
03CD:GREEK SMALL LETTER UPSILON WITH TONOS
03CE:GREEK SMALL LETTER OMEGA WITH TONOS
03D0:GREEK BETA SYMBOL
03D1:GREEK THETA SYMBOL
03D2:GREEK UPSILON WITH HOOK SYMBOL
03D3:GREEK UPSILON WITH ACUTE AND HOOK SYMBOL
03D4:GREEK UPSILON WITH DIAERESIS AND HOOK SYMBOL
03D5:GREEK PHI SYMBOL
03D6:GREEK PI SYMBOL
03D7:GREEK KAI SYMBOL
03DA:GREEK LETTER STIGMA
03DB:GREEK SMALL LETTER STIGMA
03DC:GREEK LETTER DIGAMMA
03DD:GREEK SMALL LETTER DIGAMMA
03DE:GREEK LETTER KOPPA
03DF:GREEK SMALL LETTER KOPPA
03E0:GREEK LETTER SAMPI
03E1:GREEK SMALL LETTER SAMPI
03E2:COPTIC CAPITAL LETTER SHEI
03E3:COPTIC SMALL LETTER SHEI
03E4:COPTIC CAPITAL LETTER FEI
03E5:COPTIC SMALL LETTER FEI
03E6:COPTIC CAPITAL LETTER KHEI
03E7:COPTIC SMALL LETTER KHEI
03E8:COPTIC CAPITAL LETTER HORI
03E9:COPTIC SMALL LETTER HORI
03EA:COPTIC CAPITAL LETTER GANGIA
03EB:COPTIC SMALL LETTER GANGIA
03EC:COPTIC CAPITAL LETTER SHIMA
03ED:COPTIC SMALL LETTER SHIMA
03EE:COPTIC CAPITAL LETTER DEI
03EF:COPTIC SMALL LETTER DEI
03F0:GREEK KAPPA SYMBOL
03F1:GREEK RHO SYMBOL
03F2:GREEK LUNATE SIGMA SYMBOL
03F3:GREEK LETTER YOT
0400:CYRILLIC CAPITAL LETTER IE WITH GRAVE
0401:CYRILLIC CAPITAL LETTER IO
0402:CYRILLIC CAPITAL LETTER DJE
0403:CYRILLIC CAPITAL LETTER GJE
0404:CYRILLIC CAPITAL LETTER UKRAINIAN IE
0405:CYRILLIC CAPITAL LETTER DZE
0406:CYRILLIC CAPITAL LETTER BYELORUSSIAN-UKRAINIAN I
0407:CYRILLIC CAPITAL LETTER YI
0408:CYRILLIC CAPITAL LETTER JE
0409:CYRILLIC CAPITAL LETTER LJE
040A:CYRILLIC CAPITAL LETTER NJE
040B:CYRILLIC CAPITAL LETTER TSHE
040C:CYRILLIC CAPITAL LETTER KJE
040D:CYRILLIC CAPITAL LETTER I WITH GRAVE
040E:CYRILLIC CAPITAL LETTER SHORT U
040F:CYRILLIC CAPITAL LETTER DZHE
0410:CYRILLIC CAPITAL LETTER A
0411:CYRILLIC CAPITAL LETTER BE
0412:CYRILLIC CAPITAL LETTER VE
0413:CYRILLIC CAPITAL LETTER GHE
0414:CYRILLIC CAPITAL LETTER DE
0415:CYRILLIC CAPITAL LETTER IE
0416:CYRILLIC CAPITAL LETTER ZHE
0417:CYRILLIC CAPITAL LETTER ZE
0418:CYRILLIC CAPITAL LETTER I
0419:CYRILLIC CAPITAL LETTER SHORT I
041A:CYRILLIC CAPITAL LETTER KA
041B:CYRILLIC CAPITAL LETTER EL
041C:CYRILLIC CAPITAL LETTER EM
041D:CYRILLIC CAPITAL LETTER EN
041E:CYRILLIC CAPITAL LETTER O
041F:CYRILLIC CAPITAL LETTER PE
0420:CYRILLIC CAPITAL LETTER ER
0421:CYRILLIC CAPITAL LETTER ES
0422:CYRILLIC CAPITAL LETTER TE
0423:CYRILLIC CAPITAL LETTER U
0424:CYRILLIC CAPITAL LETTER EF
0425:CYRILLIC CAPITAL LETTER HA
0426:CYRILLIC CAPITAL LETTER TSE
0427:CYRILLIC CAPITAL LETTER CHE
0428:CYRILLIC CAPITAL LETTER SHA
0429:CYRILLIC CAPITAL LETTER SHCHA
042A:CYRILLIC CAPITAL LETTER HARD SIGN
042B:CYRILLIC CAPITAL LETTER YERU
042C:CYRILLIC CAPITAL LETTER SOFT SIGN
042D:CYRILLIC CAPITAL LETTER E
042E:CYRILLIC CAPITAL LETTER YU
042F:CYRILLIC CAPITAL LETTER YA
0430:CYRILLIC SMALL LETTER A
0431:CYRILLIC SMALL LETTER BE
0432:CYRILLIC SMALL LETTER VE
0433:CYRILLIC SMALL LETTER GHE
0434:CYRILLIC SMALL LETTER DE
0435:CYRILLIC SMALL LETTER IE
0436:CYRILLIC SMALL LETTER ZHE
0437:CYRILLIC SMALL LETTER ZE
0438:CYRILLIC SMALL LETTER I
0439:CYRILLIC SMALL LETTER SHORT I
043A:CYRILLIC SMALL LETTER KA
043B:CYRILLIC SMALL LETTER EL
043C:CYRILLIC SMALL LETTER EM
043D:CYRILLIC SMALL LETTER EN
043E:CYRILLIC SMALL LETTER O
043F:CYRILLIC SMALL LETTER PE
0440:CYRILLIC SMALL LETTER ER
0441:CYRILLIC SMALL LETTER ES
0442:CYRILLIC SMALL LETTER TE
0443:CYRILLIC SMALL LETTER U
0444:CYRILLIC SMALL LETTER EF
0445:CYRILLIC SMALL LETTER HA
0446:CYRILLIC SMALL LETTER TSE
0447:CYRILLIC SMALL LETTER CHE
0448:CYRILLIC SMALL LETTER SHA
0449:CYRILLIC SMALL LETTER SHCHA
044A:CYRILLIC SMALL LETTER HARD SIGN
044B:CYRILLIC SMALL LETTER YERU
044C:CYRILLIC SMALL LETTER SOFT SIGN
044D:CYRILLIC SMALL LETTER E
044E:CYRILLIC SMALL LETTER YU
044F:CYRILLIC SMALL LETTER YA
0450:CYRILLIC SMALL LETTER IE WITH GRAVE
0451:CYRILLIC SMALL LETTER IO
0452:CYRILLIC SMALL LETTER DJE
0453:CYRILLIC SMALL LETTER GJE
0454:CYRILLIC SMALL LETTER UKRAINIAN IE
0455:CYRILLIC SMALL LETTER DZE
0456:CYRILLIC SMALL LETTER BYELORUSSIAN-UKRAINIAN I
0457:CYRILLIC SMALL LETTER YI
0458:CYRILLIC SMALL LETTER JE
0459:CYRILLIC SMALL LETTER LJE
045A:CYRILLIC SMALL LETTER NJE
045B:CYRILLIC SMALL LETTER TSHE
045C:CYRILLIC SMALL LETTER KJE
045D:CYRILLIC SMALL LETTER I WITH GRAVE
045E:CYRILLIC SMALL LETTER SHORT U
045F:CYRILLIC SMALL LETTER DZHE
0460:CYRILLIC CAPITAL LETTER OMEGA
0461:CYRILLIC SMALL LETTER OMEGA
0462:CYRILLIC CAPITAL LETTER YAT
0463:CYRILLIC SMALL LETTER YAT
0464:CYRILLIC CAPITAL LETTER IOTIFIED E
0465:CYRILLIC SMALL LETTER IOTIFIED E
0466:CYRILLIC CAPITAL LETTER LITTLE YUS
0467:CYRILLIC SMALL LETTER LITTLE YUS
0468:CYRILLIC CAPITAL LETTER IOTIFIED LITTLE YUS
0469:CYRILLIC SMALL LETTER IOTIFIED LITTLE YUS
046A:CYRILLIC CAPITAL LETTER BIG YUS
046B:CYRILLIC SMALL LETTER BIG YUS
046C:CYRILLIC CAPITAL LETTER IOTIFIED BIG YUS
046D:CYRILLIC SMALL LETTER IOTIFIED BIG YUS
046E:CYRILLIC CAPITAL LETTER KSI
046F:CYRILLIC SMALL LETTER KSI
0470:CYRILLIC CAPITAL LETTER PSI
0471:CYRILLIC SMALL LETTER PSI
0472:CYRILLIC CAPITAL LETTER FITA
0473:CYRILLIC SMALL LETTER FITA
0474:CYRILLIC CAPITAL LETTER IZHITSA
0475:CYRILLIC SMALL LETTER IZHITSA
0476:CYRILLIC CAPITAL LETTER IZHITSA WITH DOUBLE GRAVE ACCENT
0477:CYRILLIC SMALL LETTER IZHITSA WITH DOUBLE GRAVE ACCENT
0478:CYRILLIC CAPITAL LETTER UK
0479:CYRILLIC SMALL LETTER UK
047A:CYRILLIC CAPITAL LETTER ROUND OMEGA
047B:CYRILLIC SMALL LETTER ROUND OMEGA
047C:CYRILLIC CAPITAL LETTER OMEGA WITH TITLO
047D:CYRILLIC SMALL LETTER OMEGA WITH TITLO
047E:CYRILLIC CAPITAL LETTER OT
047F:CYRILLIC SMALL LETTER OT
0480:CYRILLIC CAPITAL LETTER KOPPA
0481:CYRILLIC SMALL LETTER KOPPA
0482:CYRILLIC THOUSANDS SIGN
0483:COMBINING CYRILLIC TITLO
0484:COMBINING CYRILLIC PALATALIZATION
0485:COMBINING CYRILLIC DASIA PNEUMATA
0486:COMBINING CYRILLIC PSILI PNEUMATA
0488:COMBINING CYRILLIC HUNDRED THOUSANDS SIGN
0489:COMBINING CYRILLIC MILLIONS SIGN
048C:CYRILLIC CAPITAL LETTER SEMISOFT SIGN
048D:CYRILLIC SMALL LETTER SEMISOFT SIGN
048E:CYRILLIC CAPITAL LETTER ER WITH TICK
048F:CYRILLIC SMALL LETTER ER WITH TICK
0490:CYRILLIC CAPITAL LETTER GHE WITH UPTURN
0491:CYRILLIC SMALL LETTER GHE WITH UPTURN
0492:CYRILLIC CAPITAL LETTER GHE WITH STROKE
0493:CYRILLIC SMALL LETTER GHE WITH STROKE
0494:CYRILLIC CAPITAL LETTER GHE WITH MIDDLE HOOK
0495:CYRILLIC SMALL LETTER GHE WITH MIDDLE HOOK
0496:CYRILLIC CAPITAL LETTER ZHE WITH DESCENDER
0497:CYRILLIC SMALL LETTER ZHE WITH DESCENDER
0498:CYRILLIC CAPITAL LETTER ZE WITH DESCENDER
0499:CYRILLIC SMALL LETTER ZE WITH DESCENDER
049A:CYRILLIC CAPITAL LETTER KA WITH DESCENDER
049B:CYRILLIC SMALL LETTER KA WITH DESCENDER
049C:CYRILLIC CAPITAL LETTER KA WITH VERTICAL STROKE
049D:CYRILLIC SMALL LETTER KA WITH VERTICAL STROKE
049E:CYRILLIC CAPITAL LETTER KA WITH STROKE
049F:CYRILLIC SMALL LETTER KA WITH STROKE
04A0:CYRILLIC CAPITAL LETTER BASHKIR KA
04A1:CYRILLIC SMALL LETTER BASHKIR KA
04A2:CYRILLIC CAPITAL LETTER EN WITH DESCENDER
04A3:CYRILLIC SMALL LETTER EN WITH DESCENDER
04A4:CYRILLIC CAPITAL LIGATURE EN GHE
04A5:CYRILLIC SMALL LIGATURE EN GHE
04A6:CYRILLIC CAPITAL LETTER PE WITH MIDDLE HOOK
04A7:CYRILLIC SMALL LETTER PE WITH MIDDLE HOOK
04A8:CYRILLIC CAPITAL LETTER ABKHASIAN HA
04A9:CYRILLIC SMALL LETTER ABKHASIAN HA
04AA:CYRILLIC CAPITAL LETTER ES WITH DESCENDER
04AB:CYRILLIC SMALL LETTER ES WITH DESCENDER
04AC:CYRILLIC CAPITAL LETTER TE WITH DESCENDER
04AD:CYRILLIC SMALL LETTER TE WITH DESCENDER
04AE:CYRILLIC CAPITAL LETTER STRAIGHT U
04AF:CYRILLIC SMALL LETTER STRAIGHT U
04B0:CYRILLIC CAPITAL LETTER STRAIGHT U WITH STROKE
04B1:CYRILLIC SMALL LETTER STRAIGHT U WITH STROKE
04B2:CYRILLIC CAPITAL LETTER HA WITH DESCENDER
04B3:CYRILLIC SMALL LETTER HA WITH DESCENDER
04B4:CYRILLIC CAPITAL LIGATURE TE TSE
04B5:CYRILLIC SMALL LIGATURE TE TSE
04B6:CYRILLIC CAPITAL LETTER CHE WITH DESCENDER
04B7:CYRILLIC SMALL LETTER CHE WITH DESCENDER
04B8:CYRILLIC CAPITAL LETTER CHE WITH VERTICAL STROKE
04B9:CYRILLIC SMALL LETTER CHE WITH VERTICAL STROKE
04BA:CYRILLIC CAPITAL LETTER SHHA
04BB:CYRILLIC SMALL LETTER SHHA
04BC:CYRILLIC CAPITAL LETTER ABKHASIAN CHE
04BD:CYRILLIC SMALL LETTER ABKHASIAN CHE
04BE:CYRILLIC CAPITAL LETTER ABKHASIAN CHE WITH DESCENDER
04BF:CYRILLIC SMALL LETTER ABKHASIAN CHE WITH DESCENDER
04C0:CYRILLIC LETTER PALOCHKA
04C1:CYRILLIC CAPITAL LETTER ZHE WITH BREVE
04C2:CYRILLIC SMALL LETTER ZHE WITH BREVE
04C3:CYRILLIC CAPITAL LETTER KA WITH HOOK
04C4:CYRILLIC SMALL LETTER KA WITH HOOK
04C7:CYRILLIC CAPITAL LETTER EN WITH HOOK
04C8:CYRILLIC SMALL LETTER EN WITH HOOK
04CB:CYRILLIC CAPITAL LETTER KHAKASSIAN CHE
04CC:CYRILLIC SMALL LETTER KHAKASSIAN CHE
04D0:CYRILLIC CAPITAL LETTER A WITH BREVE
04D1:CYRILLIC SMALL LETTER A WITH BREVE
04D2:CYRILLIC CAPITAL LETTER A WITH DIAERESIS
04D3:CYRILLIC SMALL LETTER A WITH DIAERESIS
04D4:CYRILLIC CAPITAL LIGATURE A IE
04D5:CYRILLIC SMALL LIGATURE A IE
04D6:CYRILLIC CAPITAL LETTER IE WITH BREVE
04D7:CYRILLIC SMALL LETTER IE WITH BREVE
04D8:CYRILLIC CAPITAL LETTER SCHWA
04D9:CYRILLIC SMALL LETTER SCHWA
04DA:CYRILLIC CAPITAL LETTER SCHWA WITH DIAERESIS
04DB:CYRILLIC SMALL LETTER SCHWA WITH DIAERESIS
04DC:CYRILLIC CAPITAL LETTER ZHE WITH DIAERESIS
04DD:CYRILLIC SMALL LETTER ZHE WITH DIAERESIS
04DE:CYRILLIC CAPITAL LETTER ZE WITH DIAERESIS
04DF:CYRILLIC SMALL LETTER ZE WITH DIAERESIS
04E0:CYRILLIC CAPITAL LETTER ABKHASIAN DZE
04E1:CYRILLIC SMALL LETTER ABKHASIAN DZE
04E2:CYRILLIC CAPITAL LETTER I WITH MACRON
04E3:CYRILLIC SMALL LETTER I WITH MACRON
04E4:CYRILLIC CAPITAL LETTER I WITH DIAERESIS
04E5:CYRILLIC SMALL LETTER I WITH DIAERESIS
04E6:CYRILLIC CAPITAL LETTER O WITH DIAERESIS
04E7:CYRILLIC SMALL LETTER O WITH DIAERESIS
04E8:CYRILLIC CAPITAL LETTER BARRED O
04E9:CYRILLIC SMALL LETTER BARRED O
04EA:CYRILLIC CAPITAL LETTER BARRED O WITH DIAERESIS
04EB:CYRILLIC SMALL LETTER BARRED O WITH DIAERESIS
04EC:CYRILLIC CAPITAL LETTER E WITH DIAERESIS
04ED:CYRILLIC SMALL LETTER E WITH DIAERESIS
04EE:CYRILLIC CAPITAL LETTER U WITH MACRON
04EF:CYRILLIC SMALL LETTER U WITH MACRON
04F0:CYRILLIC CAPITAL LETTER U WITH DIAERESIS
04F1:CYRILLIC SMALL LETTER U WITH DIAERESIS
04F2:CYRILLIC CAPITAL LETTER U WITH DOUBLE ACUTE
04F3:CYRILLIC SMALL LETTER U WITH DOUBLE ACUTE
04F4:CYRILLIC CAPITAL LETTER CHE WITH DIAERESIS
04F5:CYRILLIC SMALL LETTER CHE WITH DIAERESIS
04F8:CYRILLIC CAPITAL LETTER YERU WITH DIAERESIS
04F9:CYRILLIC SMALL LETTER YERU WITH DIAERESIS
0531:ARMENIAN CAPITAL LETTER AYB
0532:ARMENIAN CAPITAL LETTER BEN
0533:ARMENIAN CAPITAL LETTER GIM
0534:ARMENIAN CAPITAL LETTER DA
0535:ARMENIAN CAPITAL LETTER ECH
0536:ARMENIAN CAPITAL LETTER ZA
0537:ARMENIAN CAPITAL LETTER EH
0538:ARMENIAN CAPITAL LETTER ET
0539:ARMENIAN CAPITAL LETTER TO
053A:ARMENIAN CAPITAL LETTER ZHE
053B:ARMENIAN CAPITAL LETTER INI
053C:ARMENIAN CAPITAL LETTER LIWN
053D:ARMENIAN CAPITAL LETTER XEH
053E:ARMENIAN CAPITAL LETTER CA
053F:ARMENIAN CAPITAL LETTER KEN
0540:ARMENIAN CAPITAL LETTER HO
0541:ARMENIAN CAPITAL LETTER JA
0542:ARMENIAN CAPITAL LETTER GHAD
0543:ARMENIAN CAPITAL LETTER CHEH
0544:ARMENIAN CAPITAL LETTER MEN
0545:ARMENIAN CAPITAL LETTER YI
0546:ARMENIAN CAPITAL LETTER NOW
0547:ARMENIAN CAPITAL LETTER SHA
0548:ARMENIAN CAPITAL LETTER VO
0549:ARMENIAN CAPITAL LETTER CHA
054A:ARMENIAN CAPITAL LETTER PEH
054B:ARMENIAN CAPITAL LETTER JHEH
054C:ARMENIAN CAPITAL LETTER RA
054D:ARMENIAN CAPITAL LETTER SEH
054E:ARMENIAN CAPITAL LETTER VEW
054F:ARMENIAN CAPITAL LETTER TIWN
0550:ARMENIAN CAPITAL LETTER REH
0551:ARMENIAN CAPITAL LETTER CO
0552:ARMENIAN CAPITAL LETTER YIWN
0553:ARMENIAN CAPITAL LETTER PIWR
0554:ARMENIAN CAPITAL LETTER KEH
0555:ARMENIAN CAPITAL LETTER OH
0556:ARMENIAN CAPITAL LETTER FEH
0559:ARMENIAN MODIFIER LETTER LEFT HALF RING
055A:ARMENIAN APOSTROPHE
055B:ARMENIAN EMPHASIS MARK
055C:ARMENIAN EXCLAMATION MARK
055D:ARMENIAN COMMA
055E:ARMENIAN QUESTION MARK
055F:ARMENIAN ABBREVIATION MARK
0561:ARMENIAN SMALL LETTER AYB
0562:ARMENIAN SMALL LETTER BEN
0563:ARMENIAN SMALL LETTER GIM
0564:ARMENIAN SMALL LETTER DA
0565:ARMENIAN SMALL LETTER ECH
0566:ARMENIAN SMALL LETTER ZA
0567:ARMENIAN SMALL LETTER EH
0568:ARMENIAN SMALL LETTER ET
0569:ARMENIAN SMALL LETTER TO
056A:ARMENIAN SMALL LETTER ZHE
056B:ARMENIAN SMALL LETTER INI
056C:ARMENIAN SMALL LETTER LIWN
056D:ARMENIAN SMALL LETTER XEH
056E:ARMENIAN SMALL LETTER CA
056F:ARMENIAN SMALL LETTER KEN
0570:ARMENIAN SMALL LETTER HO
0571:ARMENIAN SMALL LETTER JA
0572:ARMENIAN SMALL LETTER GHAD
0573:ARMENIAN SMALL LETTER CHEH
0574:ARMENIAN SMALL LETTER MEN
0575:ARMENIAN SMALL LETTER YI
0576:ARMENIAN SMALL LETTER NOW
0577:ARMENIAN SMALL LETTER SHA
0578:ARMENIAN SMALL LETTER VO
0579:ARMENIAN SMALL LETTER CHA
057A:ARMENIAN SMALL LETTER PEH
057B:ARMENIAN SMALL LETTER JHEH
057C:ARMENIAN SMALL LETTER RA
057D:ARMENIAN SMALL LETTER SEH
057E:ARMENIAN SMALL LETTER VEW
057F:ARMENIAN SMALL LETTER TIWN
0580:ARMENIAN SMALL LETTER REH
0581:ARMENIAN SMALL LETTER CO
0582:ARMENIAN SMALL LETTER YIWN
0583:ARMENIAN SMALL LETTER PIWR
0584:ARMENIAN SMALL LETTER KEH
0585:ARMENIAN SMALL LETTER OH
0586:ARMENIAN SMALL LETTER FEH
0587:ARMENIAN SMALL LIGATURE ECH YIWN
0589:ARMENIAN FULL STOP
058A:ARMENIAN HYPHEN
10D0:GEORGIAN LETTER AN
10D1:GEORGIAN LETTER BAN
10D2:GEORGIAN LETTER GAN
10D3:GEORGIAN LETTER DON
10D4:GEORGIAN LETTER EN
10D5:GEORGIAN LETTER VIN
10D6:GEORGIAN LETTER ZEN
10D7:GEORGIAN LETTER TAN
10D8:GEORGIAN LETTER IN
10D9:GEORGIAN LETTER KAN
10DA:GEORGIAN LETTER LAS
10DB:GEORGIAN LETTER MAN
10DC:GEORGIAN LETTER NAR
10DD:GEORGIAN LETTER ON
10DE:GEORGIAN LETTER PAR
10DF:GEORGIAN LETTER ZHAR
10E0:GEORGIAN LETTER RAE
10E1:GEORGIAN LETTER SAN
10E2:GEORGIAN LETTER TAR
10E3:GEORGIAN LETTER UN
10E4:GEORGIAN LETTER PHAR
10E5:GEORGIAN LETTER KHAR
10E6:GEORGIAN LETTER GHAN
10E7:GEORGIAN LETTER QAR
10E8:GEORGIAN LETTER SHIN
10E9:GEORGIAN LETTER CHIN
10EA:GEORGIAN LETTER CAN
10EB:GEORGIAN LETTER JIL
10EC:GEORGIAN LETTER CIL
10ED:GEORGIAN LETTER CHAR
10EE:GEORGIAN LETTER XAN
10EF:GEORGIAN LETTER JHAN
10F0:GEORGIAN LETTER HAE
10F1:GEORGIAN LETTER HE
10F2:GEORGIAN LETTER HIE
10F3:GEORGIAN LETTER WE
10F4:GEORGIAN LETTER HAR
10F5:GEORGIAN LETTER HOE
10F6:GEORGIAN LETTER FI
10FB:GEORGIAN PARAGRAPH SEPARATOR
1E00:LATIN CAPITAL LETTER A WITH RING BELOW
1E01:LATIN SMALL LETTER A WITH RING BELOW
1E02:LATIN CAPITAL LETTER B WITH DOT ABOVE
1E03:LATIN SMALL LETTER B WITH DOT ABOVE
1E04:LATIN CAPITAL LETTER B WITH DOT BELOW
1E05:LATIN SMALL LETTER B WITH DOT BELOW
1E06:LATIN CAPITAL LETTER B WITH LINE BELOW
1E07:LATIN SMALL LETTER B WITH LINE BELOW
1E08:LATIN CAPITAL LETTER C WITH CEDILLA AND ACUTE
1E09:LATIN SMALL LETTER C WITH CEDILLA AND ACUTE
1E0A:LATIN CAPITAL LETTER D WITH DOT ABOVE
1E0B:LATIN SMALL LETTER D WITH DOT ABOVE
1E0C:LATIN CAPITAL LETTER D WITH DOT BELOW
1E0D:LATIN SMALL LETTER D WITH DOT BELOW
1E0E:LATIN CAPITAL LETTER D WITH LINE BELOW
1E0F:LATIN SMALL LETTER D WITH LINE BELOW
1E10:LATIN CAPITAL LETTER D WITH CEDILLA
1E11:LATIN SMALL LETTER D WITH CEDILLA
1E12:LATIN CAPITAL LETTER D WITH CIRCUMFLEX BELOW
1E13:LATIN SMALL LETTER D WITH CIRCUMFLEX BELOW
1E14:LATIN CAPITAL LETTER E WITH MACRON AND GRAVE
1E15:LATIN SMALL LETTER E WITH MACRON AND GRAVE
1E16:LATIN CAPITAL LETTER E WITH MACRON AND ACUTE
1E17:LATIN SMALL LETTER E WITH MACRON AND ACUTE
1E18:LATIN CAPITAL LETTER E WITH CIRCUMFLEX BELOW
1E19:LATIN SMALL LETTER E WITH CIRCUMFLEX BELOW
1E1A:LATIN CAPITAL LETTER E WITH TILDE BELOW
1E1B:LATIN SMALL LETTER E WITH TILDE BELOW
1E1C:LATIN CAPITAL LETTER E WITH CEDILLA AND BREVE
1E1D:LATIN SMALL LETTER E WITH CEDILLA AND BREVE
1E1E:LATIN CAPITAL LETTER F WITH DOT ABOVE
1E1F:LATIN SMALL LETTER F WITH DOT ABOVE
1E20:LATIN CAPITAL LETTER G WITH MACRON
1E21:LATIN SMALL LETTER G WITH MACRON
1E22:LATIN CAPITAL LETTER H WITH DOT ABOVE
1E23:LATIN SMALL LETTER H WITH DOT ABOVE
1E24:LATIN CAPITAL LETTER H WITH DOT BELOW
1E25:LATIN SMALL LETTER H WITH DOT BELOW
1E26:LATIN CAPITAL LETTER H WITH DIAERESIS
1E27:LATIN SMALL LETTER H WITH DIAERESIS
1E28:LATIN CAPITAL LETTER H WITH CEDILLA
1E29:LATIN SMALL LETTER H WITH CEDILLA
1E2A:LATIN CAPITAL LETTER H WITH BREVE BELOW
1E2B:LATIN SMALL LETTER H WITH BREVE BELOW
1E2C:LATIN CAPITAL LETTER I WITH TILDE BELOW
1E2D:LATIN SMALL LETTER I WITH TILDE BELOW
1E2E:LATIN CAPITAL LETTER I WITH DIAERESIS AND ACUTE
1E2F:LATIN SMALL LETTER I WITH DIAERESIS AND ACUTE
1E30:LATIN CAPITAL LETTER K WITH ACUTE
1E31:LATIN SMALL LETTER K WITH ACUTE
1E32:LATIN CAPITAL LETTER K WITH DOT BELOW
1E33:LATIN SMALL LETTER K WITH DOT BELOW
1E34:LATIN CAPITAL LETTER K WITH LINE BELOW
1E35:LATIN SMALL LETTER K WITH LINE BELOW
1E36:LATIN CAPITAL LETTER L WITH DOT BELOW
1E37:LATIN SMALL LETTER L WITH DOT BELOW
1E38:LATIN CAPITAL LETTER L WITH DOT BELOW AND MACRON
1E39:LATIN SMALL LETTER L WITH DOT BELOW AND MACRON
1E3A:LATIN CAPITAL LETTER L WITH LINE BELOW
1E3B:LATIN SMALL LETTER L WITH LINE BELOW
1E3C:LATIN CAPITAL LETTER L WITH CIRCUMFLEX BELOW
1E3D:LATIN SMALL LETTER L WITH CIRCUMFLEX BELOW
1E3E:LATIN CAPITAL LETTER M WITH ACUTE
1E3F:LATIN SMALL LETTER M WITH ACUTE
1E40:LATIN CAPITAL LETTER M WITH DOT ABOVE
1E41:LATIN SMALL LETTER M WITH DOT ABOVE
1E42:LATIN CAPITAL LETTER M WITH DOT BELOW
1E43:LATIN SMALL LETTER M WITH DOT BELOW
1E44:LATIN CAPITAL LETTER N WITH DOT ABOVE
1E45:LATIN SMALL LETTER N WITH DOT ABOVE
1E46:LATIN CAPITAL LETTER N WITH DOT BELOW
1E47:LATIN SMALL LETTER N WITH DOT BELOW
1E48:LATIN CAPITAL LETTER N WITH LINE BELOW
1E49:LATIN SMALL LETTER N WITH LINE BELOW
1E4A:LATIN CAPITAL LETTER N WITH CIRCUMFLEX BELOW
1E4B:LATIN SMALL LETTER N WITH CIRCUMFLEX BELOW
1E4C:LATIN CAPITAL LETTER O WITH TILDE AND ACUTE
1E4D:LATIN SMALL LETTER O WITH TILDE AND ACUTE
1E4E:LATIN CAPITAL LETTER O WITH TILDE AND DIAERESIS
1E4F:LATIN SMALL LETTER O WITH TILDE AND DIAERESIS
1E50:LATIN CAPITAL LETTER O WITH MACRON AND GRAVE
1E51:LATIN SMALL LETTER O WITH MACRON AND GRAVE
1E52:LATIN CAPITAL LETTER O WITH MACRON AND ACUTE
1E53:LATIN SMALL LETTER O WITH MACRON AND ACUTE
1E54:LATIN CAPITAL LETTER P WITH ACUTE
1E55:LATIN SMALL LETTER P WITH ACUTE
1E56:LATIN CAPITAL LETTER P WITH DOT ABOVE
1E57:LATIN SMALL LETTER P WITH DOT ABOVE
1E58:LATIN CAPITAL LETTER R WITH DOT ABOVE
1E59:LATIN SMALL LETTER R WITH DOT ABOVE
1E5A:LATIN CAPITAL LETTER R WITH DOT BELOW
1E5B:LATIN SMALL LETTER R WITH DOT BELOW
1E5C:LATIN CAPITAL LETTER R WITH DOT BELOW AND MACRON
1E5D:LATIN SMALL LETTER R WITH DOT BELOW AND MACRON
1E5E:LATIN CAPITAL LETTER R WITH LINE BELOW
1E5F:LATIN SMALL LETTER R WITH LINE BELOW
1E60:LATIN CAPITAL LETTER S WITH DOT ABOVE
1E61:LATIN SMALL LETTER S WITH DOT ABOVE
1E62:LATIN CAPITAL LETTER S WITH DOT BELOW
1E63:LATIN SMALL LETTER S WITH DOT BELOW
1E64:LATIN CAPITAL LETTER S WITH ACUTE AND DOT ABOVE
1E65:LATIN SMALL LETTER S WITH ACUTE AND DOT ABOVE
1E66:LATIN CAPITAL LETTER S WITH CARON AND DOT ABOVE
1E67:LATIN SMALL LETTER S WITH CARON AND DOT ABOVE
1E68:LATIN CAPITAL LETTER S WITH DOT BELOW AND DOT ABOVE
1E69:LATIN SMALL LETTER S WITH DOT BELOW AND DOT ABOVE
1E6A:LATIN CAPITAL LETTER T WITH DOT ABOVE
1E6B:LATIN SMALL LETTER T WITH DOT ABOVE
1E6C:LATIN CAPITAL LETTER T WITH DOT BELOW
1E6D:LATIN SMALL LETTER T WITH DOT BELOW
1E6E:LATIN CAPITAL LETTER T WITH LINE BELOW
1E6F:LATIN SMALL LETTER T WITH LINE BELOW
1E70:LATIN CAPITAL LETTER T WITH CIRCUMFLEX BELOW
1E71:LATIN SMALL LETTER T WITH CIRCUMFLEX BELOW
1E72:LATIN CAPITAL LETTER U WITH DIAERESIS BELOW
1E73:LATIN SMALL LETTER U WITH DIAERESIS BELOW
1E74:LATIN CAPITAL LETTER U WITH TILDE BELOW
1E75:LATIN SMALL LETTER U WITH TILDE BELOW
1E76:LATIN CAPITAL LETTER U WITH CIRCUMFLEX BELOW
1E77:LATIN SMALL LETTER U WITH CIRCUMFLEX BELOW
1E78:LATIN CAPITAL LETTER U WITH TILDE AND ACUTE
1E79:LATIN SMALL LETTER U WITH TILDE AND ACUTE
1E7A:LATIN CAPITAL LETTER U WITH MACRON AND DIAERESIS
1E7B:LATIN SMALL LETTER U WITH MACRON AND DIAERESIS
1E7C:LATIN CAPITAL LETTER V WITH TILDE
1E7D:LATIN SMALL LETTER V WITH TILDE
1E7E:LATIN CAPITAL LETTER V WITH DOT BELOW
1E7F:LATIN SMALL LETTER V WITH DOT BELOW
1E80:LATIN CAPITAL LETTER W WITH GRAVE
1E81:LATIN SMALL LETTER W WITH GRAVE
1E82:LATIN CAPITAL LETTER W WITH ACUTE
1E83:LATIN SMALL LETTER W WITH ACUTE
1E84:LATIN CAPITAL LETTER W WITH DIAERESIS
1E85:LATIN SMALL LETTER W WITH DIAERESIS
1E86:LATIN CAPITAL LETTER W WITH DOT ABOVE
1E87:LATIN SMALL LETTER W WITH DOT ABOVE
1E88:LATIN CAPITAL LETTER W WITH DOT BELOW
1E89:LATIN SMALL LETTER W WITH DOT BELOW
1E8A:LATIN CAPITAL LETTER X WITH DOT ABOVE
1E8B:LATIN SMALL LETTER X WITH DOT ABOVE
1E8C:LATIN CAPITAL LETTER X WITH DIAERESIS
1E8D:LATIN SMALL LETTER X WITH DIAERESIS
1E8E:LATIN CAPITAL LETTER Y WITH DOT ABOVE
1E8F:LATIN SMALL LETTER Y WITH DOT ABOVE
1E90:LATIN CAPITAL LETTER Z WITH CIRCUMFLEX
1E91:LATIN SMALL LETTER Z WITH CIRCUMFLEX
1E92:LATIN CAPITAL LETTER Z WITH DOT BELOW
1E93:LATIN SMALL LETTER Z WITH DOT BELOW
1E94:LATIN CAPITAL LETTER Z WITH LINE BELOW
1E95:LATIN SMALL LETTER Z WITH LINE BELOW
1E96:LATIN SMALL LETTER H WITH LINE BELOW
1E97:LATIN SMALL LETTER T WITH DIAERESIS
1E98:LATIN SMALL LETTER W WITH RING ABOVE
1E99:LATIN SMALL LETTER Y WITH RING ABOVE
1E9A:LATIN SMALL LETTER A WITH RIGHT HALF RING
1E9B:LATIN SMALL LETTER LONG S WITH DOT ABOVE
1EA0:LATIN CAPITAL LETTER A WITH DOT BELOW
1EA1:LATIN SMALL LETTER A WITH DOT BELOW
1EA2:LATIN CAPITAL LETTER A WITH HOOK ABOVE
1EA3:LATIN SMALL LETTER A WITH HOOK ABOVE
1EA4:LATIN CAPITAL LETTER A WITH CIRCUMFLEX AND ACUTE
1EA5:LATIN SMALL LETTER A WITH CIRCUMFLEX AND ACUTE
1EA6:LATIN CAPITAL LETTER A WITH CIRCUMFLEX AND GRAVE
1EA7:LATIN SMALL LETTER A WITH CIRCUMFLEX AND GRAVE
1EA8:LATIN CAPITAL LETTER A WITH CIRCUMFLEX AND HOOK ABOVE
1EA9:LATIN SMALL LETTER A WITH CIRCUMFLEX AND HOOK ABOVE
1EAA:LATIN CAPITAL LETTER A WITH CIRCUMFLEX AND TILDE
1EAB:LATIN SMALL LETTER A WITH CIRCUMFLEX AND TILDE
1EAC:LATIN CAPITAL LETTER A WITH CIRCUMFLEX AND DOT BELOW
1EAD:LATIN SMALL LETTER A WITH CIRCUMFLEX AND DOT BELOW
1EAE:LATIN CAPITAL LETTER A WITH BREVE AND ACUTE
1EAF:LATIN SMALL LETTER A WITH BREVE AND ACUTE
1EB0:LATIN CAPITAL LETTER A WITH BREVE AND GRAVE
1EB1:LATIN SMALL LETTER A WITH BREVE AND GRAVE
1EB2:LATIN CAPITAL LETTER A WITH BREVE AND HOOK ABOVE
1EB3:LATIN SMALL LETTER A WITH BREVE AND HOOK ABOVE
1EB4:LATIN CAPITAL LETTER A WITH BREVE AND TILDE
1EB5:LATIN SMALL LETTER A WITH BREVE AND TILDE
1EB6:LATIN CAPITAL LETTER A WITH BREVE AND DOT BELOW
1EB7:LATIN SMALL LETTER A WITH BREVE AND DOT BELOW
1EB8:LATIN CAPITAL LETTER E WITH DOT BELOW
1EB9:LATIN SMALL LETTER E WITH DOT BELOW
1EBA:LATIN CAPITAL LETTER E WITH HOOK ABOVE
1EBB:LATIN SMALL LETTER E WITH HOOK ABOVE
1EBC:LATIN CAPITAL LETTER E WITH TILDE
1EBD:LATIN SMALL LETTER E WITH TILDE
1EBE:LATIN CAPITAL LETTER E WITH CIRCUMFLEX AND ACUTE
1EBF:LATIN SMALL LETTER E WITH CIRCUMFLEX AND ACUTE
1EC0:LATIN CAPITAL LETTER E WITH CIRCUMFLEX AND GRAVE
1EC1:LATIN SMALL LETTER E WITH CIRCUMFLEX AND GRAVE
1EC2:LATIN CAPITAL LETTER E WITH CIRCUMFLEX AND HOOK ABOVE
1EC3:LATIN SMALL LETTER E WITH CIRCUMFLEX AND HOOK ABOVE
1EC4:LATIN CAPITAL LETTER E WITH CIRCUMFLEX AND TILDE
1EC5:LATIN SMALL LETTER E WITH CIRCUMFLEX AND TILDE
1EC6:LATIN CAPITAL LETTER E WITH CIRCUMFLEX AND DOT BELOW
1EC7:LATIN SMALL LETTER E WITH CIRCUMFLEX AND DOT BELOW
1EC8:LATIN CAPITAL LETTER I WITH HOOK ABOVE
1EC9:LATIN SMALL LETTER I WITH HOOK ABOVE
1ECA:LATIN CAPITAL LETTER I WITH DOT BELOW
1ECB:LATIN SMALL LETTER I WITH DOT BELOW
1ECC:LATIN CAPITAL LETTER O WITH DOT BELOW
1ECD:LATIN SMALL LETTER O WITH DOT BELOW
1ECE:LATIN CAPITAL LETTER O WITH HOOK ABOVE
1ECF:LATIN SMALL LETTER O WITH HOOK ABOVE
1ED0:LATIN CAPITAL LETTER O WITH CIRCUMFLEX AND ACUTE
1ED1:LATIN SMALL LETTER O WITH CIRCUMFLEX AND ACUTE
1ED2:LATIN CAPITAL LETTER O WITH CIRCUMFLEX AND GRAVE
1ED3:LATIN SMALL LETTER O WITH CIRCUMFLEX AND GRAVE
1ED4:LATIN CAPITAL LETTER O WITH CIRCUMFLEX AND HOOK ABOVE
1ED5:LATIN SMALL LETTER O WITH CIRCUMFLEX AND HOOK ABOVE
1ED6:LATIN CAPITAL LETTER O WITH CIRCUMFLEX AND TILDE
1ED7:LATIN SMALL LETTER O WITH CIRCUMFLEX AND TILDE
1ED8:LATIN CAPITAL LETTER O WITH CIRCUMFLEX AND DOT BELOW
1ED9:LATIN SMALL LETTER O WITH CIRCUMFLEX AND DOT BELOW
1EDA:LATIN CAPITAL LETTER O WITH HORN AND ACUTE
1EDB:LATIN SMALL LETTER O WITH HORN AND ACUTE
1EDC:LATIN CAPITAL LETTER O WITH HORN AND GRAVE
1EDD:LATIN SMALL LETTER O WITH HORN AND GRAVE
1EDE:LATIN CAPITAL LETTER O WITH HORN AND HOOK ABOVE
1EDF:LATIN SMALL LETTER O WITH HORN AND HOOK ABOVE
1EE0:LATIN CAPITAL LETTER O WITH HORN AND TILDE
1EE1:LATIN SMALL LETTER O WITH HORN AND TILDE
1EE2:LATIN CAPITAL LETTER O WITH HORN AND DOT BELOW
1EE3:LATIN SMALL LETTER O WITH HORN AND DOT BELOW
1EE4:LATIN CAPITAL LETTER U WITH DOT BELOW
1EE5:LATIN SMALL LETTER U WITH DOT BELOW
1EE6:LATIN CAPITAL LETTER U WITH HOOK ABOVE
1EE7:LATIN SMALL LETTER U WITH HOOK ABOVE
1EE8:LATIN CAPITAL LETTER U WITH HORN AND ACUTE
1EE9:LATIN SMALL LETTER U WITH HORN AND ACUTE
1EEA:LATIN CAPITAL LETTER U WITH HORN AND GRAVE
1EEB:LATIN SMALL LETTER U WITH HORN AND GRAVE
1EEC:LATIN CAPITAL LETTER U WITH HORN AND HOOK ABOVE
1EED:LATIN SMALL LETTER U WITH HORN AND HOOK ABOVE
1EEE:LATIN CAPITAL LETTER U WITH HORN AND TILDE
1EEF:LATIN SMALL LETTER U WITH HORN AND TILDE
1EF0:LATIN CAPITAL LETTER U WITH HORN AND DOT BELOW
1EF1:LATIN SMALL LETTER U WITH HORN AND DOT BELOW
1EF2:LATIN CAPITAL LETTER Y WITH GRAVE
1EF3:LATIN SMALL LETTER Y WITH GRAVE
1EF4:LATIN CAPITAL LETTER Y WITH DOT BELOW
1EF5:LATIN SMALL LETTER Y WITH DOT BELOW
1EF6:LATIN CAPITAL LETTER Y WITH HOOK ABOVE
1EF7:LATIN SMALL LETTER Y WITH HOOK ABOVE
1EF8:LATIN CAPITAL LETTER Y WITH TILDE
1EF9:LATIN SMALL LETTER Y WITH TILDE
1F00:GREEK SMALL LETTER ALPHA WITH PSILI
1F01:GREEK SMALL LETTER ALPHA WITH DASIA
1F02:GREEK SMALL LETTER ALPHA WITH PSILI AND VARIA
1F03:GREEK SMALL LETTER ALPHA WITH DASIA AND VARIA
1F04:GREEK SMALL LETTER ALPHA WITH PSILI AND OXIA
1F05:GREEK SMALL LETTER ALPHA WITH DASIA AND OXIA
1F06:GREEK SMALL LETTER ALPHA WITH PSILI AND PERISPOMENI
1F07:GREEK SMALL LETTER ALPHA WITH DASIA AND PERISPOMENI
1F08:GREEK CAPITAL LETTER ALPHA WITH PSILI
1F09:GREEK CAPITAL LETTER ALPHA WITH DASIA
1F0A:GREEK CAPITAL LETTER ALPHA WITH PSILI AND VARIA
1F0B:GREEK CAPITAL LETTER ALPHA WITH DASIA AND VARIA
1F0C:GREEK CAPITAL LETTER ALPHA WITH PSILI AND OXIA
1F0D:GREEK CAPITAL LETTER ALPHA WITH DASIA AND OXIA
1F0E:GREEK CAPITAL LETTER ALPHA WITH PSILI AND PERISPOMENI
1F0F:GREEK CAPITAL LETTER ALPHA WITH DASIA AND PERISPOMENI
1F10:GREEK SMALL LETTER EPSILON WITH PSILI
1F11:GREEK SMALL LETTER EPSILON WITH DASIA
1F12:GREEK SMALL LETTER EPSILON WITH PSILI AND VARIA
1F13:GREEK SMALL LETTER EPSILON WITH DASIA AND VARIA
1F14:GREEK SMALL LETTER EPSILON WITH PSILI AND OXIA
1F15:GREEK SMALL LETTER EPSILON WITH DASIA AND OXIA
1F18:GREEK CAPITAL LETTER EPSILON WITH PSILI
1F19:GREEK CAPITAL LETTER EPSILON WITH DASIA
1F1A:GREEK CAPITAL LETTER EPSILON WITH PSILI AND VARIA
1F1B:GREEK CAPITAL LETTER EPSILON WITH DASIA AND VARIA
1F1C:GREEK CAPITAL LETTER EPSILON WITH PSILI AND OXIA
1F1D:GREEK CAPITAL LETTER EPSILON WITH DASIA AND OXIA
1F20:GREEK SMALL LETTER ETA WITH PSILI
1F21:GREEK SMALL LETTER ETA WITH DASIA
1F22:GREEK SMALL LETTER ETA WITH PSILI AND VARIA
1F23:GREEK SMALL LETTER ETA WITH DASIA AND VARIA
1F24:GREEK SMALL LETTER ETA WITH PSILI AND OXIA
1F25:GREEK SMALL LETTER ETA WITH DASIA AND OXIA
1F26:GREEK SMALL LETTER ETA WITH PSILI AND PERISPOMENI
1F27:GREEK SMALL LETTER ETA WITH DASIA AND PERISPOMENI
1F28:GREEK CAPITAL LETTER ETA WITH PSILI
1F29:GREEK CAPITAL LETTER ETA WITH DASIA
1F2A:GREEK CAPITAL LETTER ETA WITH PSILI AND VARIA
1F2B:GREEK CAPITAL LETTER ETA WITH DASIA AND VARIA
1F2C:GREEK CAPITAL LETTER ETA WITH PSILI AND OXIA
1F2D:GREEK CAPITAL LETTER ETA WITH DASIA AND OXIA
1F2E:GREEK CAPITAL LETTER ETA WITH PSILI AND PERISPOMENI
1F2F:GREEK CAPITAL LETTER ETA WITH DASIA AND PERISPOMENI
1F30:GREEK SMALL LETTER IOTA WITH PSILI
1F31:GREEK SMALL LETTER IOTA WITH DASIA
1F32:GREEK SMALL LETTER IOTA WITH PSILI AND VARIA
1F33:GREEK SMALL LETTER IOTA WITH DASIA AND VARIA
1F34:GREEK SMALL LETTER IOTA WITH PSILI AND OXIA
1F35:GREEK SMALL LETTER IOTA WITH DASIA AND OXIA
1F36:GREEK SMALL LETTER IOTA WITH PSILI AND PERISPOMENI
1F37:GREEK SMALL LETTER IOTA WITH DASIA AND PERISPOMENI
1F38:GREEK CAPITAL LETTER IOTA WITH PSILI
1F39:GREEK CAPITAL LETTER IOTA WITH DASIA
1F3A:GREEK CAPITAL LETTER IOTA WITH PSILI AND VARIA
1F3B:GREEK CAPITAL LETTER IOTA WITH DASIA AND VARIA
1F3C:GREEK CAPITAL LETTER IOTA WITH PSILI AND OXIA
1F3D:GREEK CAPITAL LETTER IOTA WITH DASIA AND OXIA
1F3E:GREEK CAPITAL LETTER IOTA WITH PSILI AND PERISPOMENI
1F3F:GREEK CAPITAL LETTER IOTA WITH DASIA AND PERISPOMENI
1F40:GREEK SMALL LETTER OMICRON WITH PSILI
1F41:GREEK SMALL LETTER OMICRON WITH DASIA
1F42:GREEK SMALL LETTER OMICRON WITH PSILI AND VARIA
1F43:GREEK SMALL LETTER OMICRON WITH DASIA AND VARIA
1F44:GREEK SMALL LETTER OMICRON WITH PSILI AND OXIA
1F45:GREEK SMALL LETTER OMICRON WITH DASIA AND OXIA
1F48:GREEK CAPITAL LETTER OMICRON WITH PSILI
1F49:GREEK CAPITAL LETTER OMICRON WITH DASIA
1F4A:GREEK CAPITAL LETTER OMICRON WITH PSILI AND VARIA
1F4B:GREEK CAPITAL LETTER OMICRON WITH DASIA AND VARIA
1F4C:GREEK CAPITAL LETTER OMICRON WITH PSILI AND OXIA
1F4D:GREEK CAPITAL LETTER OMICRON WITH DASIA AND OXIA
1F50:GREEK SMALL LETTER UPSILON WITH PSILI
1F51:GREEK SMALL LETTER UPSILON WITH DASIA
1F52:GREEK SMALL LETTER UPSILON WITH PSILI AND VARIA
1F53:GREEK SMALL LETTER UPSILON WITH DASIA AND VARIA
1F54:GREEK SMALL LETTER UPSILON WITH PSILI AND OXIA
1F55:GREEK SMALL LETTER UPSILON WITH DASIA AND OXIA
1F56:GREEK SMALL LETTER UPSILON WITH PSILI AND PERISPOMENI
1F57:GREEK SMALL LETTER UPSILON WITH DASIA AND PERISPOMENI
1F59:GREEK CAPITAL LETTER UPSILON WITH DASIA
1F5B:GREEK CAPITAL LETTER UPSILON WITH DASIA AND VARIA
1F5D:GREEK CAPITAL LETTER UPSILON WITH DASIA AND OXIA
1F5F:GREEK CAPITAL LETTER UPSILON WITH DASIA AND PERISPOMENI
1F60:GREEK SMALL LETTER OMEGA WITH PSILI
1F61:GREEK SMALL LETTER OMEGA WITH DASIA
1F62:GREEK SMALL LETTER OMEGA WITH PSILI AND VARIA
1F63:GREEK SMALL LETTER OMEGA WITH DASIA AND VARIA
1F64:GREEK SMALL LETTER OMEGA WITH PSILI AND OXIA
1F65:GREEK SMALL LETTER OMEGA WITH DASIA AND OXIA
1F66:GREEK SMALL LETTER OMEGA WITH PSILI AND PERISPOMENI
1F67:GREEK SMALL LETTER OMEGA WITH DASIA AND PERISPOMENI
1F68:GREEK CAPITAL LETTER OMEGA WITH PSILI
1F69:GREEK CAPITAL LETTER OMEGA WITH DASIA
1F6A:GREEK CAPITAL LETTER OMEGA WITH PSILI AND VARIA
1F6B:GREEK CAPITAL LETTER OMEGA WITH DASIA AND VARIA
1F6C:GREEK CAPITAL LETTER OMEGA WITH PSILI AND OXIA
1F6D:GREEK CAPITAL LETTER OMEGA WITH DASIA AND OXIA
1F6E:GREEK CAPITAL LETTER OMEGA WITH PSILI AND PERISPOMENI
1F6F:GREEK CAPITAL LETTER OMEGA WITH DASIA AND PERISPOMENI
1F70:GREEK SMALL LETTER ALPHA WITH VARIA
1F71:GREEK SMALL LETTER ALPHA WITH OXIA
1F72:GREEK SMALL LETTER EPSILON WITH VARIA
1F73:GREEK SMALL LETTER EPSILON WITH OXIA
1F74:GREEK SMALL LETTER ETA WITH VARIA
1F75:GREEK SMALL LETTER ETA WITH OXIA
1F76:GREEK SMALL LETTER IOTA WITH VARIA
1F77:GREEK SMALL LETTER IOTA WITH OXIA
1F78:GREEK SMALL LETTER OMICRON WITH VARIA
1F79:GREEK SMALL LETTER OMICRON WITH OXIA
1F7A:GREEK SMALL LETTER UPSILON WITH VARIA
1F7B:GREEK SMALL LETTER UPSILON WITH OXIA
1F7C:GREEK SMALL LETTER OMEGA WITH VARIA
1F7D:GREEK SMALL LETTER OMEGA WITH OXIA
1F80:GREEK SMALL LETTER ALPHA WITH PSILI AND YPOGEGRAMMENI
1F81:GREEK SMALL LETTER ALPHA WITH DASIA AND YPOGEGRAMMENI
1F82:GREEK SMALL LETTER ALPHA WITH PSILI AND VARIA AND YPOGEGRAMMENI
1F83:GREEK SMALL LETTER ALPHA WITH DASIA AND VARIA AND YPOGEGRAMMENI
1F84:GREEK SMALL LETTER ALPHA WITH PSILI AND OXIA AND YPOGEGRAMMENI
1F85:GREEK SMALL LETTER ALPHA WITH DASIA AND OXIA AND YPOGEGRAMMENI
1F86:GREEK SMALL LETTER ALPHA WITH PSILI AND PERISPOMENI AND YPOGEGRAMMENI
1F87:GREEK SMALL LETTER ALPHA WITH DASIA AND PERISPOMENI AND YPOGEGRAMMENI
1F88:GREEK CAPITAL LETTER ALPHA WITH PSILI AND PROSGEGRAMMENI
1F89:GREEK CAPITAL LETTER ALPHA WITH DASIA AND PROSGEGRAMMENI
1F8A:GREEK CAPITAL LETTER ALPHA WITH PSILI AND VARIA AND PROSGEGRAMMENI
1F8B:GREEK CAPITAL LETTER ALPHA WITH DASIA AND VARIA AND PROSGEGRAMMENI
1F8C:GREEK CAPITAL LETTER ALPHA WITH PSILI AND OXIA AND PROSGEGRAMMENI
1F8D:GREEK CAPITAL LETTER ALPHA WITH DASIA AND OXIA AND PROSGEGRAMMENI
1F8E:GREEK CAPITAL LETTER ALPHA WITH PSILI AND PERISPOMENI AND PROSGEGRAMMENI
1F8F:GREEK CAPITAL LETTER ALPHA WITH DASIA AND PERISPOMENI AND PROSGEGRAMMENI
1F90:GREEK SMALL LETTER ETA WITH PSILI AND YPOGEGRAMMENI
1F91:GREEK SMALL LETTER ETA WITH DASIA AND YPOGEGRAMMENI
1F92:GREEK SMALL LETTER ETA WITH PSILI AND VARIA AND YPOGEGRAMMENI
1F93:GREEK SMALL LETTER ETA WITH DASIA AND VARIA AND YPOGEGRAMMENI
1F94:GREEK SMALL LETTER ETA WITH PSILI AND OXIA AND YPOGEGRAMMENI
1F95:GREEK SMALL LETTER ETA WITH DASIA AND OXIA AND YPOGEGRAMMENI
1F96:GREEK SMALL LETTER ETA WITH PSILI AND PERISPOMENI AND YPOGEGRAMMENI
1F97:GREEK SMALL LETTER ETA WITH DASIA AND PERISPOMENI AND YPOGEGRAMMENI
1F98:GREEK CAPITAL LETTER ETA WITH PSILI AND PROSGEGRAMMENI
1F99:GREEK CAPITAL LETTER ETA WITH DASIA AND PROSGEGRAMMENI
1F9A:GREEK CAPITAL LETTER ETA WITH PSILI AND VARIA AND PROSGEGRAMMENI
1F9B:GREEK CAPITAL LETTER ETA WITH DASIA AND VARIA AND PROSGEGRAMMENI
1F9C:GREEK CAPITAL LETTER ETA WITH PSILI AND OXIA AND PROSGEGRAMMENI
1F9D:GREEK CAPITAL LETTER ETA WITH DASIA AND OXIA AND PROSGEGRAMMENI
1F9E:GREEK CAPITAL LETTER ETA WITH PSILI AND PERISPOMENI AND PROSGEGRAMMENI
1F9F:GREEK CAPITAL LETTER ETA WITH DASIA AND PERISPOMENI AND PROSGEGRAMMENI
1FA0:GREEK SMALL LETTER OMEGA WITH PSILI AND YPOGEGRAMMENI
1FA1:GREEK SMALL LETTER OMEGA WITH DASIA AND YPOGEGRAMMENI
1FA2:GREEK SMALL LETTER OMEGA WITH PSILI AND VARIA AND YPOGEGRAMMENI
1FA3:GREEK SMALL LETTER OMEGA WITH DASIA AND VARIA AND YPOGEGRAMMENI
1FA4:GREEK SMALL LETTER OMEGA WITH PSILI AND OXIA AND YPOGEGRAMMENI
1FA5:GREEK SMALL LETTER OMEGA WITH DASIA AND OXIA AND YPOGEGRAMMENI
1FA6:GREEK SMALL LETTER OMEGA WITH PSILI AND PERISPOMENI AND YPOGEGRAMMENI
1FA7:GREEK SMALL LETTER OMEGA WITH DASIA AND PERISPOMENI AND YPOGEGRAMMENI
1FA8:GREEK CAPITAL LETTER OMEGA WITH PSILI AND PROSGEGRAMMENI
1FA9:GREEK CAPITAL LETTER OMEGA WITH DASIA AND PROSGEGRAMMENI
1FAA:GREEK CAPITAL LETTER OMEGA WITH PSILI AND VARIA AND PROSGEGRAMMENI
1FAB:GREEK CAPITAL LETTER OMEGA WITH DASIA AND VARIA AND PROSGEGRAMMENI
1FAC:GREEK CAPITAL LETTER OMEGA WITH PSILI AND OXIA AND PROSGEGRAMMENI
1FAD:GREEK CAPITAL LETTER OMEGA WITH DASIA AND OXIA AND PROSGEGRAMMENI
1FAE:GREEK CAPITAL LETTER OMEGA WITH PSILI AND PERISPOMENI AND PROSGEGRAMMENI
1FAF:GREEK CAPITAL LETTER OMEGA WITH DASIA AND PERISPOMENI AND PROSGEGRAMMENI
1FB0:GREEK SMALL LETTER ALPHA WITH VRACHY
1FB1:GREEK SMALL LETTER ALPHA WITH MACRON
1FB2:GREEK SMALL LETTER ALPHA WITH VARIA AND YPOGEGRAMMENI
1FB3:GREEK SMALL LETTER ALPHA WITH YPOGEGRAMMENI
1FB4:GREEK SMALL LETTER ALPHA WITH OXIA AND YPOGEGRAMMENI
1FB6:GREEK SMALL LETTER ALPHA WITH PERISPOMENI
1FB7:GREEK SMALL LETTER ALPHA WITH PERISPOMENI AND YPOGEGRAMMENI
1FB8:GREEK CAPITAL LETTER ALPHA WITH VRACHY
1FB9:GREEK CAPITAL LETTER ALPHA WITH MACRON
1FBA:GREEK CAPITAL LETTER ALPHA WITH VARIA
1FBB:GREEK CAPITAL LETTER ALPHA WITH OXIA
1FBC:GREEK CAPITAL LETTER ALPHA WITH PROSGEGRAMMENI
1FBD:GREEK KORONIS
1FBE:GREEK PROSGEGRAMMENI
1FBF:GREEK PSILI
1FC0:GREEK PERISPOMENI
1FC1:GREEK DIALYTIKA AND PERISPOMENI
1FC2:GREEK SMALL LETTER ETA WITH VARIA AND YPOGEGRAMMENI
1FC3:GREEK SMALL LETTER ETA WITH YPOGEGRAMMENI
1FC4:GREEK SMALL LETTER ETA WITH OXIA AND YPOGEGRAMMENI
1FC6:GREEK SMALL LETTER ETA WITH PERISPOMENI
1FC7:GREEK SMALL LETTER ETA WITH PERISPOMENI AND YPOGEGRAMMENI
1FC8:GREEK CAPITAL LETTER EPSILON WITH VARIA
1FC9:GREEK CAPITAL LETTER EPSILON WITH OXIA
1FCA:GREEK CAPITAL LETTER ETA WITH VARIA
1FCB:GREEK CAPITAL LETTER ETA WITH OXIA
1FCC:GREEK CAPITAL LETTER ETA WITH PROSGEGRAMMENI
1FCD:GREEK PSILI AND VARIA
1FCE:GREEK PSILI AND OXIA
1FCF:GREEK PSILI AND PERISPOMENI
1FD0:GREEK SMALL LETTER IOTA WITH VRACHY
1FD1:GREEK SMALL LETTER IOTA WITH MACRON
1FD2:GREEK SMALL LETTER IOTA WITH DIALYTIKA AND VARIA
1FD3:GREEK SMALL LETTER IOTA WITH DIALYTIKA AND OXIA
1FD6:GREEK SMALL LETTER IOTA WITH PERISPOMENI
1FD7:GREEK SMALL LETTER IOTA WITH DIALYTIKA AND PERISPOMENI
1FD8:GREEK CAPITAL LETTER IOTA WITH VRACHY
1FD9:GREEK CAPITAL LETTER IOTA WITH MACRON
1FDA:GREEK CAPITAL LETTER IOTA WITH VARIA
1FDB:GREEK CAPITAL LETTER IOTA WITH OXIA
1FDD:GREEK DASIA AND VARIA
1FDE:GREEK DASIA AND OXIA
1FDF:GREEK DASIA AND PERISPOMENI
1FE0:GREEK SMALL LETTER UPSILON WITH VRACHY
1FE1:GREEK SMALL LETTER UPSILON WITH MACRON
1FE2:GREEK SMALL LETTER UPSILON WITH DIALYTIKA AND VARIA
1FE3:GREEK SMALL LETTER UPSILON WITH DIALYTIKA AND OXIA
1FE4:GREEK SMALL LETTER RHO WITH PSILI
1FE5:GREEK SMALL LETTER RHO WITH DASIA
1FE6:GREEK SMALL LETTER UPSILON WITH PERISPOMENI
1FE7:GREEK SMALL LETTER UPSILON WITH DIALYTIKA AND PERISPOMENI
1FE8:GREEK CAPITAL LETTER UPSILON WITH VRACHY
1FE9:GREEK CAPITAL LETTER UPSILON WITH MACRON
1FEA:GREEK CAPITAL LETTER UPSILON WITH VARIA
1FEB:GREEK CAPITAL LETTER UPSILON WITH OXIA
1FEC:GREEK CAPITAL LETTER RHO WITH DASIA
1FED:GREEK DIALYTIKA AND VARIA
1FEE:GREEK DIALYTIKA AND OXIA
1FEF:GREEK VARIA
1FF2:GREEK SMALL LETTER OMEGA WITH VARIA AND YPOGEGRAMMENI
1FF3:GREEK SMALL LETTER OMEGA WITH YPOGEGRAMMENI
1FF4:GREEK SMALL LETTER OMEGA WITH OXIA AND YPOGEGRAMMENI
1FF6:GREEK SMALL LETTER OMEGA WITH PERISPOMENI
1FF7:GREEK SMALL LETTER OMEGA WITH PERISPOMENI AND YPOGEGRAMMENI
1FF8:GREEK CAPITAL LETTER OMICRON WITH VARIA
1FF9:GREEK CAPITAL LETTER OMICRON WITH OXIA
1FFA:GREEK CAPITAL LETTER OMEGA WITH VARIA
1FFB:GREEK CAPITAL LETTER OMEGA WITH OXIA
1FFC:GREEK CAPITAL LETTER OMEGA WITH PROSGEGRAMMENI
1FFD:GREEK OXIA
1FFE:GREEK DASIA
2000:EN QUAD
2001:EM QUAD
2002:EN SPACE
2003:EM SPACE
2004:THREE-PER-EM SPACE
2005:FOUR-PER-EM SPACE
2006:SIX-PER-EM SPACE
2007:FIGURE SPACE
2008:PUNCTUATION SPACE
2009:THIN SPACE
200A:HAIR SPACE
200B:ZERO WIDTH SPACE
200C:ZERO WIDTH NON-JOINER
200D:ZERO WIDTH JOINER
200E:LEFT-TO-RIGHT MARK
200F:RIGHT-TO-LEFT MARK
2010:HYPHEN
2011:NON-BREAKING HYPHEN
2012:FIGURE DASH
2013:EN DASH
2014:EM DASH
2015:HORIZONTAL BAR
2016:DOUBLE VERTICAL LINE
2017:DOUBLE LOW LINE
2018:LEFT SINGLE QUOTATION MARK
2019:RIGHT SINGLE QUOTATION MARK
201A:SINGLE LOW-9 QUOTATION MARK
201B:SINGLE HIGH-REVERSED-9 QUOTATION MARK
201C:LEFT DOUBLE QUOTATION MARK
201D:RIGHT DOUBLE QUOTATION MARK
201E:DOUBLE LOW-9 QUOTATION MARK
201F:DOUBLE HIGH-REVERSED-9 QUOTATION MARK
2020:DAGGER
2021:DOUBLE DAGGER
2022:BULLET
2023:TRIANGULAR BULLET
2024:ONE DOT LEADER
2025:TWO DOT LEADER
2026:HORIZONTAL ELLIPSIS
2027:HYPHENATION POINT
2028:LINE SEPARATOR
2029:PARAGRAPH SEPARATOR
202A:LEFT-TO-RIGHT EMBEDDING
202B:RIGHT-TO-LEFT EMBEDDING
202C:POP DIRECTIONAL FORMATTING
202D:LEFT-TO-RIGHT OVERRIDE
202E:RIGHT-TO-LEFT OVERRIDE
202F:NARROW NO-BREAK SPACE
2030:PER MILLE SIGN
2031:PER TEN THOUSAND SIGN
2032:PRIME
2033:DOUBLE PRIME
2034:TRIPLE PRIME
2035:REVERSED PRIME
2036:REVERSED DOUBLE PRIME
2037:REVERSED TRIPLE PRIME
2038:CARET
2039:SINGLE LEFT-POINTING ANGLE QUOTATION MARK
203A:SINGLE RIGHT-POINTING ANGLE QUOTATION MARK
203B:REFERENCE MARK
203C:DOUBLE EXCLAMATION MARK
203D:INTERROBANG
203E:OVERLINE
203F:UNDERTIE
2040:CHARACTER TIE
2041:CARET INSERTION POINT
2042:ASTERISM
2043:HYPHEN BULLET
2044:FRACTION SLASH
2045:LEFT SQUARE BRACKET WITH QUILL
2046:RIGHT SQUARE BRACKET WITH QUILL
2048:QUESTION EXCLAMATION MARK
2049:EXCLAMATION QUESTION MARK
204A:TIRONIAN SIGN ET
204B:REVERSED PILCROW SIGN
204C:BLACK LEFTWARDS BULLET
204D:BLACK RIGHTWARDS BULLET
206A:INHIBIT SYMMETRIC SWAPPING
206B:ACTIVATE SYMMETRIC SWAPPING
206C:INHIBIT ARABIC FORM SHAPING
206D:ACTIVATE ARABIC FORM SHAPING
206E:NATIONAL DIGIT SHAPES
206F:NOMINAL DIGIT SHAPES
2070:SUPERSCRIPT ZERO
2074:SUPERSCRIPT FOUR
2075:SUPERSCRIPT FIVE
2076:SUPERSCRIPT SIX
2077:SUPERSCRIPT SEVEN
2078:SUPERSCRIPT EIGHT
2079:SUPERSCRIPT NINE
207A:SUPERSCRIPT PLUS SIGN
207B:SUPERSCRIPT MINUS
207C:SUPERSCRIPT EQUALS SIGN
207D:SUPERSCRIPT LEFT PARENTHESIS
207E:SUPERSCRIPT RIGHT PARENTHESIS
207F:SUPERSCRIPT LATIN SMALL LETTER N
2080:SUBSCRIPT ZERO
2081:SUBSCRIPT ONE
2082:SUBSCRIPT TWO
2083:SUBSCRIPT THREE
2084:SUBSCRIPT FOUR
2085:SUBSCRIPT FIVE
2086:SUBSCRIPT SIX
2087:SUBSCRIPT SEVEN
2088:SUBSCRIPT EIGHT
2089:SUBSCRIPT NINE
208A:SUBSCRIPT PLUS SIGN
208B:SUBSCRIPT MINUS
208C:SUBSCRIPT EQUALS SIGN
208D:SUBSCRIPT LEFT PARENTHESIS
208E:SUBSCRIPT RIGHT PARENTHESIS
20A0:EURO-CURRENCY SIGN
20A1:COLON SIGN
20A2:CRUZEIRO SIGN
20A3:FRENCH FRANC SIGN
20A4:LIRA SIGN
20A5:MILL SIGN
20A6:NAIRA SIGN
20A7:PESETA SIGN
20A8:RUPEE SIGN
20A9:WON SIGN
20AA:NEW SHEQEL SIGN
20AB:DONG SIGN
20AC:EURO SIGN
20AD:KIP SIGN
20AE:TUGRIK SIGN
20AF:DRACHMA SIGN
20D0:COMBINING LEFT HARPOON ABOVE
20D1:COMBINING RIGHT HARPOON ABOVE
20D2:COMBINING LONG VERTICAL LINE OVERLAY
20D3:COMBINING SHORT VERTICAL LINE OVERLAY
20D4:COMBINING ANTICLOCKWISE ARROW ABOVE
20D5:COMBINING CLOCKWISE ARROW ABOVE
20D6:COMBINING LEFT ARROW ABOVE
20D7:COMBINING RIGHT ARROW ABOVE
20D8:COMBINING RING OVERLAY
20D9:COMBINING CLOCKWISE RING OVERLAY
20DA:COMBINING ANTICLOCKWISE RING OVERLAY
20DB:COMBINING THREE DOTS ABOVE
20DC:COMBINING FOUR DOTS ABOVE
20DD:COMBINING ENCLOSING CIRCLE
20DE:COMBINING ENCLOSING SQUARE
20DF:COMBINING ENCLOSING DIAMOND
20E0:COMBINING ENCLOSING CIRCLE BACKSLASH
20E1:COMBINING LEFT RIGHT ARROW ABOVE
20E2:COMBINING ENCLOSING SCREEN
20E3:COMBINING ENCLOSING KEYCAP
2100:ACCOUNT OF
2101:ADDRESSED TO THE SUBJECT
2102:DOUBLE-STRUCK CAPITAL C
2103:DEGREE CELSIUS
2104:CENTRE LINE SYMBOL
2105:CARE OF
2106:CADA UNA
2107:EULER CONSTANT
2108:SCRUPLE
2109:DEGREE FAHRENHEIT
210A:SCRIPT SMALL G
210B:SCRIPT CAPITAL H
210C:BLACK-LETTER CAPITAL H
210D:DOUBLE-STRUCK CAPITAL H
210E:PLANCK CONSTANT
210F:PLANCK CONSTANT OVER TWO PI
2110:SCRIPT CAPITAL I
2111:BLACK-LETTER CAPITAL I
2112:SCRIPT CAPITAL L
2113:SCRIPT SMALL L
2114:L B BAR SYMBOL
2115:DOUBLE-STRUCK CAPITAL N
2116:NUMERO SIGN
2117:SOUND RECORDING COPYRIGHT
2118:SCRIPT CAPITAL P
2119:DOUBLE-STRUCK CAPITAL P
211A:DOUBLE-STRUCK CAPITAL Q
211B:SCRIPT CAPITAL R
211C:BLACK-LETTER CAPITAL R
211D:DOUBLE-STRUCK CAPITAL R
211E:PRESCRIPTION TAKE
211F:RESPONSE
2120:SERVICE MARK
2121:TELEPHONE SIGN
2122:TRADE MARK SIGN
2123:VERSICLE
2124:DOUBLE-STRUCK CAPITAL Z
2125:OUNCE SIGN
2126:OHM SIGN
2127:INVERTED OHM SIGN
2128:BLACK-LETTER CAPITAL Z
2129:TURNED GREEK SMALL LETTER IOTA
212A:KELVIN SIGN
212B:ANGSTROM SIGN
212C:SCRIPT CAPITAL B
212D:BLACK-LETTER CAPITAL C
212E:ESTIMATED SYMBOL
212F:SCRIPT SMALL E
2130:SCRIPT CAPITAL E
2131:SCRIPT CAPITAL F
2132:TURNED CAPITAL F
2133:SCRIPT CAPITAL M
2134:SCRIPT SMALL O
2135:ALEF SYMBOL
2136:BET SYMBOL
2137:GIMEL SYMBOL
2138:DALET SYMBOL
2139:INFORMATION SOURCE
213A:ROTATED CAPITAL Q
2153:VULGAR FRACTION ONE THIRD
2154:VULGAR FRACTION TWO THIRDS
2155:VULGAR FRACTION ONE FIFTH
2156:VULGAR FRACTION TWO FIFTHS
2157:VULGAR FRACTION THREE FIFTHS
2158:VULGAR FRACTION FOUR FIFTHS
2159:VULGAR FRACTION ONE SIXTH
215A:VULGAR FRACTION FIVE SIXTHS
215B:VULGAR FRACTION ONE EIGHTH
215C:VULGAR FRACTION THREE EIGHTHS
215D:VULGAR FRACTION FIVE EIGHTHS
215E:VULGAR FRACTION SEVEN EIGHTHS
215F:FRACTION NUMERATOR ONE
2160:ROMAN NUMERAL ONE
2161:ROMAN NUMERAL TWO
2162:ROMAN NUMERAL THREE
2163:ROMAN NUMERAL FOUR
2164:ROMAN NUMERAL FIVE
2165:ROMAN NUMERAL SIX
2166:ROMAN NUMERAL SEVEN
2167:ROMAN NUMERAL EIGHT
2168:ROMAN NUMERAL NINE
2169:ROMAN NUMERAL TEN
216A:ROMAN NUMERAL ELEVEN
216B:ROMAN NUMERAL TWELVE
216C:ROMAN NUMERAL FIFTY
216D:ROMAN NUMERAL ONE HUNDRED
216E:ROMAN NUMERAL FIVE HUNDRED
216F:ROMAN NUMERAL ONE THOUSAND
2170:SMALL ROMAN NUMERAL ONE
2171:SMALL ROMAN NUMERAL TWO
2172:SMALL ROMAN NUMERAL THREE
2173:SMALL ROMAN NUMERAL FOUR
2174:SMALL ROMAN NUMERAL FIVE
2175:SMALL ROMAN NUMERAL SIX
2176:SMALL ROMAN NUMERAL SEVEN
2177:SMALL ROMAN NUMERAL EIGHT
2178:SMALL ROMAN NUMERAL NINE
2179:SMALL ROMAN NUMERAL TEN
217A:SMALL ROMAN NUMERAL ELEVEN
217B:SMALL ROMAN NUMERAL TWELVE
217C:SMALL ROMAN NUMERAL FIFTY
217D:SMALL ROMAN NUMERAL ONE HUNDRED
217E:SMALL ROMAN NUMERAL FIVE HUNDRED
217F:SMALL ROMAN NUMERAL ONE THOUSAND
2180:ROMAN NUMERAL ONE THOUSAND C D
2181:ROMAN NUMERAL FIVE THOUSAND
2182:ROMAN NUMERAL TEN THOUSAND
2183:ROMAN NUMERAL REVERSED ONE HUNDRED
2190:LEFTWARDS ARROW
2191:UPWARDS ARROW
2192:RIGHTWARDS ARROW
2193:DOWNWARDS ARROW
2194:LEFT RIGHT ARROW
2195:UP DOWN ARROW
2196:NORTH WEST ARROW
2197:NORTH EAST ARROW
2198:SOUTH EAST ARROW
2199:SOUTH WEST ARROW
219A:LEFTWARDS ARROW WITH STROKE
219B:RIGHTWARDS ARROW WITH STROKE
219C:LEFTWARDS WAVE ARROW
219D:RIGHTWARDS WAVE ARROW
219E:LEFTWARDS TWO HEADED ARROW
219F:UPWARDS TWO HEADED ARROW
21A0:RIGHTWARDS TWO HEADED ARROW
21A1:DOWNWARDS TWO HEADED ARROW
21A2:LEFTWARDS ARROW WITH TAIL
21A3:RIGHTWARDS ARROW WITH TAIL
21A4:LEFTWARDS ARROW FROM BAR
21A5:UPWARDS ARROW FROM BAR
21A6:RIGHTWARDS ARROW FROM BAR
21A7:DOWNWARDS ARROW FROM BAR
21A8:UP DOWN ARROW WITH BASE
21A9:LEFTWARDS ARROW WITH HOOK
21AA:RIGHTWARDS ARROW WITH HOOK
21AB:LEFTWARDS ARROW WITH LOOP
21AC:RIGHTWARDS ARROW WITH LOOP
21AD:LEFT RIGHT WAVE ARROW
21AE:LEFT RIGHT ARROW WITH STROKE
21AF:DOWNWARDS ZIGZAG ARROW
21B0:UPWARDS ARROW WITH TIP LEFTWARDS
21B1:UPWARDS ARROW WITH TIP RIGHTWARDS
21B2:DOWNWARDS ARROW WITH TIP LEFTWARDS
21B3:DOWNWARDS ARROW WITH TIP RIGHTWARDS
21B4:RIGHTWARDS ARROW WITH CORNER DOWNWARDS
21B5:DOWNWARDS ARROW WITH CORNER LEFTWARDS
21B6:ANTICLOCKWISE TOP SEMICIRCLE ARROW
21B7:CLOCKWISE TOP SEMICIRCLE ARROW
21B8:NORTH WEST ARROW TO LONG BAR
21B9:LEFTWARDS ARROW TO BAR OVER RIGHTWARDS ARROW TO BAR
21BA:ANTICLOCKWISE OPEN CIRCLE ARROW
21BB:CLOCKWISE OPEN CIRCLE ARROW
21BC:LEFTWARDS HARPOON WITH BARB UPWARDS
21BD:LEFTWARDS HARPOON WITH BARB DOWNWARDS
21BE:UPWARDS HARPOON WITH BARB RIGHTWARDS
21BF:UPWARDS HARPOON WITH BARB LEFTWARDS
21C0:RIGHTWARDS HARPOON WITH BARB UPWARDS
21C1:RIGHTWARDS HARPOON WITH BARB DOWNWARDS
21C2:DOWNWARDS HARPOON WITH BARB RIGHTWARDS
21C3:DOWNWARDS HARPOON WITH BARB LEFTWARDS
21C4:RIGHTWARDS ARROW OVER LEFTWARDS ARROW
21C5:UPWARDS ARROW LEFTWARDS OF DOWNWARDS ARROW
21C6:LEFTWARDS ARROW OVER RIGHTWARDS ARROW
21C7:LEFTWARDS PAIRED ARROWS
21C8:UPWARDS PAIRED ARROWS
21C9:RIGHTWARDS PAIRED ARROWS
21CA:DOWNWARDS PAIRED ARROWS
21CB:LEFTWARDS HARPOON OVER RIGHTWARDS HARPOON
21CC:RIGHTWARDS HARPOON OVER LEFTWARDS HARPOON
21CD:LEFTWARDS DOUBLE ARROW WITH STROKE
21CE:LEFT RIGHT DOUBLE ARROW WITH STROKE
21CF:RIGHTWARDS DOUBLE ARROW WITH STROKE
21D0:LEFTWARDS DOUBLE ARROW
21D1:UPWARDS DOUBLE ARROW
21D2:RIGHTWARDS DOUBLE ARROW
21D3:DOWNWARDS DOUBLE ARROW
21D4:LEFT RIGHT DOUBLE ARROW
21D5:UP DOWN DOUBLE ARROW
21D6:NORTH WEST DOUBLE ARROW
21D7:NORTH EAST DOUBLE ARROW
21D8:SOUTH EAST DOUBLE ARROW
21D9:SOUTH WEST DOUBLE ARROW
21DA:LEFTWARDS TRIPLE ARROW
21DB:RIGHTWARDS TRIPLE ARROW
21DC:LEFTWARDS SQUIGGLE ARROW
21DD:RIGHTWARDS SQUIGGLE ARROW
21DE:UPWARDS ARROW WITH DOUBLE STROKE
21DF:DOWNWARDS ARROW WITH DOUBLE STROKE
21E0:LEFTWARDS DASHED ARROW
21E1:UPWARDS DASHED ARROW
21E2:RIGHTWARDS DASHED ARROW
21E3:DOWNWARDS DASHED ARROW
21E4:LEFTWARDS ARROW TO BAR
21E5:RIGHTWARDS ARROW TO BAR
21E6:LEFTWARDS WHITE ARROW
21E7:UPWARDS WHITE ARROW
21E8:RIGHTWARDS WHITE ARROW
21E9:DOWNWARDS WHITE ARROW
21EA:UPWARDS WHITE ARROW FROM BAR
21EB:UPWARDS WHITE ARROW ON PEDESTAL
21EC:UPWARDS WHITE ARROW ON PEDESTAL WITH HORIZONTAL BAR
21ED:UPWARDS WHITE ARROW ON PEDESTAL WITH VERTICAL BAR
21EE:UPWARDS WHITE DOUBLE ARROW
21EF:UPWARDS WHITE DOUBLE ARROW ON PEDESTAL
21F0:RIGHTWARDS WHITE ARROW FROM WALL
21F1:NORTH WEST ARROW TO CORNER
21F2:SOUTH EAST ARROW TO CORNER
21F3:UP DOWN WHITE ARROW
2200:FOR ALL
2201:COMPLEMENT
2202:PARTIAL DIFFERENTIAL
2203:THERE EXISTS
2204:THERE DOES NOT EXIST
2205:EMPTY SET
2206:INCREMENT
2207:NABLA
2208:ELEMENT OF
2209:NOT AN ELEMENT OF
220A:SMALL ELEMENT OF
220B:CONTAINS AS MEMBER
220C:DOES NOT CONTAIN AS MEMBER
220D:SMALL CONTAINS AS MEMBER
220E:END OF PROOF
220F:N-ARY PRODUCT
2210:N-ARY COPRODUCT
2211:N-ARY SUMMATION
2212:MINUS SIGN
2213:MINUS-OR-PLUS SIGN
2214:DOT PLUS
2215:DIVISION SLASH
2216:SET MINUS
2217:ASTERISK OPERATOR
2218:RING OPERATOR
2219:BULLET OPERATOR
221A:SQUARE ROOT
221B:CUBE ROOT
221C:FOURTH ROOT
221D:PROPORTIONAL TO
221E:INFINITY
221F:RIGHT ANGLE
2220:ANGLE
2221:MEASURED ANGLE
2222:SPHERICAL ANGLE
2223:DIVIDES
2224:DOES NOT DIVIDE
2225:PARALLEL TO
2226:NOT PARALLEL TO
2227:LOGICAL AND
2228:LOGICAL OR
2229:INTERSECTION
222A:UNION
222B:INTEGRAL
222C:DOUBLE INTEGRAL
222D:TRIPLE INTEGRAL
222E:CONTOUR INTEGRAL
222F:SURFACE INTEGRAL
2230:VOLUME INTEGRAL
2231:CLOCKWISE INTEGRAL
2232:CLOCKWISE CONTOUR INTEGRAL
2233:ANTICLOCKWISE CONTOUR INTEGRAL
2234:THEREFORE
2235:BECAUSE
2236:RATIO
2237:PROPORTION
2238:DOT MINUS
2239:EXCESS
223A:GEOMETRIC PROPORTION
223B:HOMOTHETIC
223C:TILDE OPERATOR
223D:REVERSED TILDE
223E:INVERTED LAZY S
223F:SINE WAVE
2240:WREATH PRODUCT
2241:NOT TILDE
2242:MINUS TILDE
2243:ASYMPTOTICALLY EQUAL TO
2244:NOT ASYMPTOTICALLY EQUAL TO
2245:APPROXIMATELY EQUAL TO
2246:APPROXIMATELY BUT NOT ACTUALLY EQUAL TO
2247:NEITHER APPROXIMATELY NOR ACTUALLY EQUAL TO
2248:ALMOST EQUAL TO
2249:NOT ALMOST EQUAL TO
224A:ALMOST EQUAL OR EQUAL TO
224B:TRIPLE TILDE
224C:ALL EQUAL TO
224D:EQUIVALENT TO
224E:GEOMETRICALLY EQUIVALENT TO
224F:DIFFERENCE BETWEEN
2250:APPROACHES THE LIMIT
2251:GEOMETRICALLY EQUAL TO
2252:APPROXIMATELY EQUAL TO OR THE IMAGE OF
2253:IMAGE OF OR APPROXIMATELY EQUAL TO
2254:COLON EQUALS
2255:EQUALS COLON
2256:RING IN EQUAL TO
2257:RING EQUAL TO
2258:CORRESPONDS TO
2259:ESTIMATES
225A:EQUIANGULAR TO
225B:STAR EQUALS
225C:DELTA EQUAL TO
225D:EQUAL TO BY DEFINITION
225E:MEASURED BY
225F:QUESTIONED EQUAL TO
2260:NOT EQUAL TO
2261:IDENTICAL TO
2262:NOT IDENTICAL TO
2263:STRICTLY EQUIVALENT TO
2264:LESS-THAN OR EQUAL TO
2265:GREATER-THAN OR EQUAL TO
2266:LESS-THAN OVER EQUAL TO
2267:GREATER-THAN OVER EQUAL TO
2268:LESS-THAN BUT NOT EQUAL TO
2269:GREATER-THAN BUT NOT EQUAL TO
226A:MUCH LESS-THAN
226B:MUCH GREATER-THAN
226C:BETWEEN
226D:NOT EQUIVALENT TO
226E:NOT LESS-THAN
226F:NOT GREATER-THAN
2270:NEITHER LESS-THAN NOR EQUAL TO
2271:NEITHER GREATER-THAN NOR EQUAL TO
2272:LESS-THAN OR EQUIVALENT TO
2273:GREATER-THAN OR EQUIVALENT TO
2274:NEITHER LESS-THAN NOR EQUIVALENT TO
2275:NEITHER GREATER-THAN NOR EQUIVALENT TO
2276:LESS-THAN OR GREATER-THAN
2277:GREATER-THAN OR LESS-THAN
2278:NEITHER LESS-THAN NOR GREATER-THAN
2279:NEITHER GREATER-THAN NOR LESS-THAN
227A:PRECEDES
227B:SUCCEEDS
227C:PRECEDES OR EQUAL TO
227D:SUCCEEDS OR EQUAL TO
227E:PRECEDES OR EQUIVALENT TO
227F:SUCCEEDS OR EQUIVALENT TO
2280:DOES NOT PRECEDE
2281:DOES NOT SUCCEED
2282:SUBSET OF
2283:SUPERSET OF
2284:NOT A SUBSET OF
2285:NOT A SUPERSET OF
2286:SUBSET OF OR EQUAL TO
2287:SUPERSET OF OR EQUAL TO
2288:NEITHER A SUBSET OF NOR EQUAL TO
2289:NEITHER A SUPERSET OF NOR EQUAL TO
228A:SUBSET OF WITH NOT EQUAL TO
228B:SUPERSET OF WITH NOT EQUAL TO
228C:MULTISET
228D:MULTISET MULTIPLICATION
228E:MULTISET UNION
228F:SQUARE IMAGE OF
2290:SQUARE ORIGINAL OF
2291:SQUARE IMAGE OF OR EQUAL TO
2292:SQUARE ORIGINAL OF OR EQUAL TO
2293:SQUARE CAP
2294:SQUARE CUP
2295:CIRCLED PLUS
2296:CIRCLED MINUS
2297:CIRCLED TIMES
2298:CIRCLED DIVISION SLASH
2299:CIRCLED DOT OPERATOR
229A:CIRCLED RING OPERATOR
229B:CIRCLED ASTERISK OPERATOR
229C:CIRCLED EQUALS
229D:CIRCLED DASH
229E:SQUARED PLUS
229F:SQUARED MINUS
22A0:SQUARED TIMES
22A1:SQUARED DOT OPERATOR
22A2:RIGHT TACK
22A3:LEFT TACK
22A4:DOWN TACK
22A5:UP TACK
22A6:ASSERTION
22A7:MODELS
22A8:TRUE
22A9:FORCES
22AA:TRIPLE VERTICAL BAR RIGHT TURNSTILE
22AB:DOUBLE VERTICAL BAR DOUBLE RIGHT TURNSTILE
22AC:DOES NOT PROVE
22AD:NOT TRUE
22AE:DOES NOT FORCE
22AF:NEGATED DOUBLE VERTICAL BAR DOUBLE RIGHT TURNSTILE
22B0:PRECEDES UNDER RELATION
22B1:SUCCEEDS UNDER RELATION
22B2:NORMAL SUBGROUP OF
22B3:CONTAINS AS NORMAL SUBGROUP
22B4:NORMAL SUBGROUP OF OR EQUAL TO
22B5:CONTAINS AS NORMAL SUBGROUP OR EQUAL TO
22B6:ORIGINAL OF
22B7:IMAGE OF
22B8:MULTIMAP
22B9:HERMITIAN CONJUGATE MATRIX
22BA:INTERCALATE
22BB:XOR
22BC:NAND
22BD:NOR
22BE:RIGHT ANGLE WITH ARC
22BF:RIGHT TRIANGLE
22C0:N-ARY LOGICAL AND
22C1:N-ARY LOGICAL OR
22C2:N-ARY INTERSECTION
22C3:N-ARY UNION
22C4:DIAMOND OPERATOR
22C5:DOT OPERATOR
22C6:STAR OPERATOR
22C7:DIVISION TIMES
22C8:BOWTIE
22C9:LEFT NORMAL FACTOR SEMIDIRECT PRODUCT
22CA:RIGHT NORMAL FACTOR SEMIDIRECT PRODUCT
22CB:LEFT SEMIDIRECT PRODUCT
22CC:RIGHT SEMIDIRECT PRODUCT
22CD:REVERSED TILDE EQUALS
22CE:CURLY LOGICAL OR
22CF:CURLY LOGICAL AND
22D0:DOUBLE SUBSET
22D1:DOUBLE SUPERSET
22D2:DOUBLE INTERSECTION
22D3:DOUBLE UNION
22D4:PITCHFORK
22D5:EQUAL AND PARALLEL TO
22D6:LESS-THAN WITH DOT
22D7:GREATER-THAN WITH DOT
22D8:VERY MUCH LESS-THAN
22D9:VERY MUCH GREATER-THAN
22DA:LESS-THAN EQUAL TO OR GREATER-THAN
22DB:GREATER-THAN EQUAL TO OR LESS-THAN
22DC:EQUAL TO OR LESS-THAN
22DD:EQUAL TO OR GREATER-THAN
22DE:EQUAL TO OR PRECEDES
22DF:EQUAL TO OR SUCCEEDS
22E0:DOES NOT PRECEDE OR EQUAL
22E1:DOES NOT SUCCEED OR EQUAL
22E2:NOT SQUARE IMAGE OF OR EQUAL TO
22E3:NOT SQUARE ORIGINAL OF OR EQUAL TO
22E4:SQUARE IMAGE OF OR NOT EQUAL TO
22E5:SQUARE ORIGINAL OF OR NOT EQUAL TO
22E6:LESS-THAN BUT NOT EQUIVALENT TO
22E7:GREATER-THAN BUT NOT EQUIVALENT TO
22E8:PRECEDES BUT NOT EQUIVALENT TO
22E9:SUCCEEDS BUT NOT EQUIVALENT TO
22EA:NOT NORMAL SUBGROUP OF
22EB:DOES NOT CONTAIN AS NORMAL SUBGROUP
22EC:NOT NORMAL SUBGROUP OF OR EQUAL TO
22ED:DOES NOT CONTAIN AS NORMAL SUBGROUP OR EQUAL
22EE:VERTICAL ELLIPSIS
22EF:MIDLINE HORIZONTAL ELLIPSIS
22F0:UP RIGHT DIAGONAL ELLIPSIS
22F1:DOWN RIGHT DIAGONAL ELLIPSIS
2300:DIAMETER SIGN
2301:ELECTRIC ARROW
2302:HOUSE
2303:UP ARROWHEAD
2304:DOWN ARROWHEAD
2305:PROJECTIVE
2306:PERSPECTIVE
2307:WAVY LINE
2308:LEFT CEILING
2309:RIGHT CEILING
230A:LEFT FLOOR
230B:RIGHT FLOOR
230C:BOTTOM RIGHT CROP
230D:BOTTOM LEFT CROP
230E:TOP RIGHT CROP
230F:TOP LEFT CROP
2310:REVERSED NOT SIGN
2311:SQUARE LOZENGE
2312:ARC
2313:SEGMENT
2314:SECTOR
2315:TELEPHONE RECORDER
2316:POSITION INDICATOR
2317:VIEWDATA SQUARE
2318:PLACE OF INTEREST SIGN
2319:TURNED NOT SIGN
231A:WATCH
231B:HOURGLASS
231C:TOP LEFT CORNER
231D:TOP RIGHT CORNER
231E:BOTTOM LEFT CORNER
231F:BOTTOM RIGHT CORNER
2320:TOP HALF INTEGRAL
2321:BOTTOM HALF INTEGRAL
2322:FROWN
2323:SMILE
2324:UP ARROWHEAD BETWEEN TWO HORIZONTAL BARS
2325:OPTION KEY
2326:ERASE TO THE RIGHT
2327:X IN A RECTANGLE BOX
2328:KEYBOARD
2329:LEFT-POINTING ANGLE BRACKET
232A:RIGHT-POINTING ANGLE BRACKET
232B:ERASE TO THE LEFT
232C:BENZENE RING
232D:CYLINDRICITY
232E:ALL AROUND-PROFILE
232F:SYMMETRY
2330:TOTAL RUNOUT
2331:DIMENSION ORIGIN
2332:CONICAL TAPER
2333:SLOPE
2334:COUNTERBORE
2335:COUNTERSINK
2336:APL FUNCTIONAL SYMBOL I-BEAM
2337:APL FUNCTIONAL SYMBOL SQUISH QUAD
2338:APL FUNCTIONAL SYMBOL QUAD EQUAL
2339:APL FUNCTIONAL SYMBOL QUAD DIVIDE
233A:APL FUNCTIONAL SYMBOL QUAD DIAMOND
233B:APL FUNCTIONAL SYMBOL QUAD JOT
233C:APL FUNCTIONAL SYMBOL QUAD CIRCLE
233D:APL FUNCTIONAL SYMBOL CIRCLE STILE
233E:APL FUNCTIONAL SYMBOL CIRCLE JOT
233F:APL FUNCTIONAL SYMBOL SLASH BAR
2340:APL FUNCTIONAL SYMBOL BACKSLASH BAR
2341:APL FUNCTIONAL SYMBOL QUAD SLASH
2342:APL FUNCTIONAL SYMBOL QUAD BACKSLASH
2343:APL FUNCTIONAL SYMBOL QUAD LESS-THAN
2344:APL FUNCTIONAL SYMBOL QUAD GREATER-THAN
2345:APL FUNCTIONAL SYMBOL LEFTWARDS VANE
2346:APL FUNCTIONAL SYMBOL RIGHTWARDS VANE
2347:APL FUNCTIONAL SYMBOL QUAD LEFTWARDS ARROW
2348:APL FUNCTIONAL SYMBOL QUAD RIGHTWARDS ARROW
2349:APL FUNCTIONAL SYMBOL CIRCLE BACKSLASH
234A:APL FUNCTIONAL SYMBOL DOWN TACK UNDERBAR
234B:APL FUNCTIONAL SYMBOL DELTA STILE
234C:APL FUNCTIONAL SYMBOL QUAD DOWN CARET
234D:APL FUNCTIONAL SYMBOL QUAD DELTA
234E:APL FUNCTIONAL SYMBOL DOWN TACK JOT
234F:APL FUNCTIONAL SYMBOL UPWARDS VANE
2350:APL FUNCTIONAL SYMBOL QUAD UPWARDS ARROW
2351:APL FUNCTIONAL SYMBOL UP TACK OVERBAR
2352:APL FUNCTIONAL SYMBOL DEL STILE
2353:APL FUNCTIONAL SYMBOL QUAD UP CARET
2354:APL FUNCTIONAL SYMBOL QUAD DEL
2355:APL FUNCTIONAL SYMBOL UP TACK JOT
2356:APL FUNCTIONAL SYMBOL DOWNWARDS VANE
2357:APL FUNCTIONAL SYMBOL QUAD DOWNWARDS ARROW
2358:APL FUNCTIONAL SYMBOL QUOTE UNDERBAR
2359:APL FUNCTIONAL SYMBOL DELTA UNDERBAR
235A:APL FUNCTIONAL SYMBOL DIAMOND UNDERBAR
235B:APL FUNCTIONAL SYMBOL JOT UNDERBAR
235C:APL FUNCTIONAL SYMBOL CIRCLE UNDERBAR
235D:APL FUNCTIONAL SYMBOL UP SHOE JOT
235E:APL FUNCTIONAL SYMBOL QUOTE QUAD
235F:APL FUNCTIONAL SYMBOL CIRCLE STAR
2360:APL FUNCTIONAL SYMBOL QUAD COLON
2361:APL FUNCTIONAL SYMBOL UP TACK DIAERESIS
2362:APL FUNCTIONAL SYMBOL DEL DIAERESIS
2363:APL FUNCTIONAL SYMBOL STAR DIAERESIS
2364:APL FUNCTIONAL SYMBOL JOT DIAERESIS
2365:APL FUNCTIONAL SYMBOL CIRCLE DIAERESIS
2366:APL FUNCTIONAL SYMBOL DOWN SHOE STILE
2367:APL FUNCTIONAL SYMBOL LEFT SHOE STILE
2368:APL FUNCTIONAL SYMBOL TILDE DIAERESIS
2369:APL FUNCTIONAL SYMBOL GREATER-THAN DIAERESIS
236A:APL FUNCTIONAL SYMBOL COMMA BAR
236B:APL FUNCTIONAL SYMBOL DEL TILDE
236C:APL FUNCTIONAL SYMBOL ZILDE
236D:APL FUNCTIONAL SYMBOL STILE TILDE
236E:APL FUNCTIONAL SYMBOL SEMICOLON UNDERBAR
236F:APL FUNCTIONAL SYMBOL QUAD NOT EQUAL
2370:APL FUNCTIONAL SYMBOL QUAD QUESTION
2371:APL FUNCTIONAL SYMBOL DOWN CARET TILDE
2372:APL FUNCTIONAL SYMBOL UP CARET TILDE
2373:APL FUNCTIONAL SYMBOL IOTA
2374:APL FUNCTIONAL SYMBOL RHO
2375:APL FUNCTIONAL SYMBOL OMEGA
2376:APL FUNCTIONAL SYMBOL ALPHA UNDERBAR
2377:APL FUNCTIONAL SYMBOL EPSILON UNDERBAR
2378:APL FUNCTIONAL SYMBOL IOTA UNDERBAR
2379:APL FUNCTIONAL SYMBOL OMEGA UNDERBAR
237A:APL FUNCTIONAL SYMBOL ALPHA
237B:NOT CHECK MARK
237D:SHOULDERED OPEN BOX
237E:BELL SYMBOL
237F:VERTICAL LINE WITH MIDDLE DOT
2380:INSERTION SYMBOL
2381:CONTINUOUS UNDERLINE SYMBOL
2382:DISCONTINUOUS UNDERLINE SYMBOL
2383:EMPHASIS SYMBOL
2384:COMPOSITION SYMBOL
2385:WHITE SQUARE WITH CENTRE VERTICAL LINE
2386:ENTER SYMBOL
2387:ALTERNATIVE KEY SYMBOL
2388:HELM SYMBOL
2389:CIRCLED HORIZONTAL BAR WITH NOTCH
238A:CIRCLED TRIANGLE DOWN
238B:BROKEN CIRCLE WITH NORTHWEST ARROW
238C:UNDO SYMBOL
238D:MONOSTABLE SYMBOL
238E:HYSTERESIS SYMBOL
238F:OPEN-CIRCUIT-OUTPUT H-TYPE SYMBOL
2390:OPEN-CIRCUIT-OUTPUT L-TYPE SYMBOL
2391:PASSIVE-PULL-DOWN-OUTPUT SYMBOL
2392:PASSIVE-PULL-UP-OUTPUT SYMBOL
2393:DIRECT CURRENT SYMBOL FORM TWO
2394:SOFTWARE-FUNCTION SYMBOL
2395:APL FUNCTIONAL SYMBOL QUAD
2396:DECIMAL SEPARATOR KEY SYMBOL
2397:PREVIOUS PAGE
2398:NEXT PAGE
2399:PRINT SCREEN SYMBOL
239A:CLEAR SCREEN SYMBOL
3440:
3441:
3442:
3443:
3444:
3445:
3446:
3447:
3448:
3449:
344A:
2500:BOX DRAWINGS LIGHT HORIZONTAL
2501:BOX DRAWINGS HEAVY HORIZONTAL
2502:BOX DRAWINGS LIGHT VERTICAL
2503:BOX DRAWINGS HEAVY VERTICAL
2504:BOX DRAWINGS LIGHT TRIPLE DASH HORIZONTAL
2505:BOX DRAWINGS HEAVY TRIPLE DASH HORIZONTAL
2506:BOX DRAWINGS LIGHT TRIPLE DASH VERTICAL
2507:BOX DRAWINGS HEAVY TRIPLE DASH VERTICAL
2508:BOX DRAWINGS LIGHT QUADRUPLE DASH HORIZONTAL
2509:BOX DRAWINGS HEAVY QUADRUPLE DASH HORIZONTAL
250A:BOX DRAWINGS LIGHT QUADRUPLE DASH VERTICAL
250B:BOX DRAWINGS HEAVY QUADRUPLE DASH VERTICAL
250C:BOX DRAWINGS LIGHT DOWN AND RIGHT
250D:BOX DRAWINGS DOWN LIGHT AND RIGHT HEAVY
250E:BOX DRAWINGS DOWN HEAVY AND RIGHT LIGHT
250F:BOX DRAWINGS HEAVY DOWN AND RIGHT
2510:BOX DRAWINGS LIGHT DOWN AND LEFT
2511:BOX DRAWINGS DOWN LIGHT AND LEFT HEAVY
2512:BOX DRAWINGS DOWN HEAVY AND LEFT LIGHT
2513:BOX DRAWINGS HEAVY DOWN AND LEFT
2514:BOX DRAWINGS LIGHT UP AND RIGHT
2515:BOX DRAWINGS UP LIGHT AND RIGHT HEAVY
2516:BOX DRAWINGS UP HEAVY AND RIGHT LIGHT
2517:BOX DRAWINGS HEAVY UP AND RIGHT
2518:BOX DRAWINGS LIGHT UP AND LEFT
2519:BOX DRAWINGS UP LIGHT AND LEFT HEAVY
251A:BOX DRAWINGS UP HEAVY AND LEFT LIGHT
251B:BOX DRAWINGS HEAVY UP AND LEFT
251C:BOX DRAWINGS LIGHT VERTICAL AND RIGHT
251D:BOX DRAWINGS VERTICAL LIGHT AND RIGHT HEAVY
251E:BOX DRAWINGS UP HEAVY AND RIGHT DOWN LIGHT
251F:BOX DRAWINGS DOWN HEAVY AND RIGHT UP LIGHT
2520:BOX DRAWINGS VERTICAL HEAVY AND RIGHT LIGHT
2521:BOX DRAWINGS DOWN LIGHT AND RIGHT UP HEAVY
2522:BOX DRAWINGS UP LIGHT AND RIGHT DOWN HEAVY
2523:BOX DRAWINGS HEAVY VERTICAL AND RIGHT
2524:BOX DRAWINGS LIGHT VERTICAL AND LEFT
2525:BOX DRAWINGS VERTICAL LIGHT AND LEFT HEAVY
2526:BOX DRAWINGS UP HEAVY AND LEFT DOWN LIGHT
2527:BOX DRAWINGS DOWN HEAVY AND LEFT UP LIGHT
2528:BOX DRAWINGS VERTICAL HEAVY AND LEFT LIGHT
2529:BOX DRAWINGS DOWN LIGHT AND LEFT UP HEAVY
252A:BOX DRAWINGS UP LIGHT AND LEFT DOWN HEAVY
252B:BOX DRAWINGS HEAVY VERTICAL AND LEFT
252C:BOX DRAWINGS LIGHT DOWN AND HORIZONTAL
252D:BOX DRAWINGS LEFT HEAVY AND RIGHT DOWN LIGHT
252E:BOX DRAWINGS RIGHT HEAVY AND LEFT DOWN LIGHT
252F:BOX DRAWINGS DOWN LIGHT AND HORIZONTAL HEAVY
2530:BOX DRAWINGS DOWN HEAVY AND HORIZONTAL LIGHT
2531:BOX DRAWINGS RIGHT LIGHT AND LEFT DOWN HEAVY
2532:BOX DRAWINGS LEFT LIGHT AND RIGHT DOWN HEAVY
2533:BOX DRAWINGS HEAVY DOWN AND HORIZONTAL
2534:BOX DRAWINGS LIGHT UP AND HORIZONTAL
2535:BOX DRAWINGS LEFT HEAVY AND RIGHT UP LIGHT
2536:BOX DRAWINGS RIGHT HEAVY AND LEFT UP LIGHT
2537:BOX DRAWINGS UP LIGHT AND HORIZONTAL HEAVY
2538:BOX DRAWINGS UP HEAVY AND HORIZONTAL LIGHT
2539:BOX DRAWINGS RIGHT LIGHT AND LEFT UP HEAVY
253A:BOX DRAWINGS LEFT LIGHT AND RIGHT UP HEAVY
253B:BOX DRAWINGS HEAVY UP AND HORIZONTAL
253C:BOX DRAWINGS LIGHT VERTICAL AND HORIZONTAL
253D:BOX DRAWINGS LEFT HEAVY AND RIGHT VERTICAL LIGHT
253E:BOX DRAWINGS RIGHT HEAVY AND LEFT VERTICAL LIGHT
253F:BOX DRAWINGS VERTICAL LIGHT AND HORIZONTAL HEAVY
2540:BOX DRAWINGS UP HEAVY AND DOWN HORIZONTAL LIGHT
2541:BOX DRAWINGS DOWN HEAVY AND UP HORIZONTAL LIGHT
2542:BOX DRAWINGS VERTICAL HEAVY AND HORIZONTAL LIGHT
2543:BOX DRAWINGS LEFT UP HEAVY AND RIGHT DOWN LIGHT
2544:BOX DRAWINGS RIGHT UP HEAVY AND LEFT DOWN LIGHT
2545:BOX DRAWINGS LEFT DOWN HEAVY AND RIGHT UP LIGHT
2546:BOX DRAWINGS RIGHT DOWN HEAVY AND LEFT UP LIGHT
2547:BOX DRAWINGS DOWN LIGHT AND UP HORIZONTAL HEAVY
2548:BOX DRAWINGS UP LIGHT AND DOWN HORIZONTAL HEAVY
2549:BOX DRAWINGS RIGHT LIGHT AND LEFT VERTICAL HEAVY
254A:BOX DRAWINGS LEFT LIGHT AND RIGHT VERTICAL HEAVY
254B:BOX DRAWINGS HEAVY VERTICAL AND HORIZONTAL
254C:BOX DRAWINGS LIGHT DOUBLE DASH HORIZONTAL
254D:BOX DRAWINGS HEAVY DOUBLE DASH HORIZONTAL
254E:BOX DRAWINGS LIGHT DOUBLE DASH VERTICAL
254F:BOX DRAWINGS HEAVY DOUBLE DASH VERTICAL
2550:BOX DRAWINGS DOUBLE HORIZONTAL
2551:BOX DRAWINGS DOUBLE VERTICAL
2552:BOX DRAWINGS DOWN SINGLE AND RIGHT DOUBLE
2553:BOX DRAWINGS DOWN DOUBLE AND RIGHT SINGLE
2554:BOX DRAWINGS DOUBLE DOWN AND RIGHT
2555:BOX DRAWINGS DOWN SINGLE AND LEFT DOUBLE
2556:BOX DRAWINGS DOWN DOUBLE AND LEFT SINGLE
2557:BOX DRAWINGS DOUBLE DOWN AND LEFT
2558:BOX DRAWINGS UP SINGLE AND RIGHT DOUBLE
2559:BOX DRAWINGS UP DOUBLE AND RIGHT SINGLE
255A:BOX DRAWINGS DOUBLE UP AND RIGHT
255B:BOX DRAWINGS UP SINGLE AND LEFT DOUBLE
255C:BOX DRAWINGS UP DOUBLE AND LEFT SINGLE
255D:BOX DRAWINGS DOUBLE UP AND LEFT
255E:BOX DRAWINGS VERTICAL SINGLE AND RIGHT DOUBLE
255F:BOX DRAWINGS VERTICAL DOUBLE AND RIGHT SINGLE
2560:BOX DRAWINGS DOUBLE VERTICAL AND RIGHT
2561:BOX DRAWINGS VERTICAL SINGLE AND LEFT DOUBLE
2562:BOX DRAWINGS VERTICAL DOUBLE AND LEFT SINGLE
2563:BOX DRAWINGS DOUBLE VERTICAL AND LEFT
2564:BOX DRAWINGS DOWN SINGLE AND HORIZONTAL DOUBLE
2565:BOX DRAWINGS DOWN DOUBLE AND HORIZONTAL SINGLE
2566:BOX DRAWINGS DOUBLE DOWN AND HORIZONTAL
2567:BOX DRAWINGS UP SINGLE AND HORIZONTAL DOUBLE
2568:BOX DRAWINGS UP DOUBLE AND HORIZONTAL SINGLE
2569:BOX DRAWINGS DOUBLE UP AND HORIZONTAL
256A:BOX DRAWINGS VERTICAL SINGLE AND HORIZONTAL DOUBLE
256B:BOX DRAWINGS VERTICAL DOUBLE AND HORIZONTAL SINGLE
256C:BOX DRAWINGS DOUBLE VERTICAL AND HORIZONTAL
256D:BOX DRAWINGS LIGHT ARC DOWN AND RIGHT
256E:BOX DRAWINGS LIGHT ARC DOWN AND LEFT
256F:BOX DRAWINGS LIGHT ARC UP AND LEFT
2570:BOX DRAWINGS LIGHT ARC UP AND RIGHT
2571:BOX DRAWINGS LIGHT DIAGONAL UPPER RIGHT TO LOWER LEFT
2572:BOX DRAWINGS LIGHT DIAGONAL UPPER LEFT TO LOWER RIGHT
2573:BOX DRAWINGS LIGHT DIAGONAL CROSS
2574:BOX DRAWINGS LIGHT LEFT
2575:BOX DRAWINGS LIGHT UP
2576:BOX DRAWINGS LIGHT RIGHT
2577:BOX DRAWINGS LIGHT DOWN
2578:BOX DRAWINGS HEAVY LEFT
2579:BOX DRAWINGS HEAVY UP
257A:BOX DRAWINGS HEAVY RIGHT
257B:BOX DRAWINGS HEAVY DOWN
257C:BOX DRAWINGS LIGHT LEFT AND HEAVY RIGHT
257D:BOX DRAWINGS LIGHT UP AND HEAVY DOWN
257E:BOX DRAWINGS HEAVY LEFT AND LIGHT RIGHT
257F:BOX DRAWINGS HEAVY UP AND LIGHT DOWN
2580:UPPER HALF BLOCK
2581:LOWER ONE EIGHTH BLOCK
2582:LOWER ONE QUARTER BLOCK
2583:LOWER THREE EIGHTHS BLOCK
2584:LOWER HALF BLOCK
2585:LOWER FIVE EIGHTHS BLOCK
2586:LOWER THREE QUARTERS BLOCK
2587:LOWER SEVEN EIGHTHS BLOCK
2588:FULL BLOCK
2589:LEFT SEVEN EIGHTHS BLOCK
258A:LEFT THREE QUARTERS BLOCK
258B:LEFT FIVE EIGHTHS BLOCK
258C:LEFT HALF BLOCK
258D:LEFT THREE EIGHTHS BLOCK
258E:LEFT ONE QUARTER BLOCK
258F:LEFT ONE EIGHTH BLOCK
2590:RIGHT HALF BLOCK
2591:LIGHT SHADE
2592:MEDIUM SHADE
2593:DARK SHADE
2594:UPPER ONE EIGHTH BLOCK
2595:RIGHT ONE EIGHTH BLOCK
25A0:BLACK SQUARE
25A1:WHITE SQUARE
25A2:WHITE SQUARE WITH ROUNDED CORNERS
25A3:WHITE SQUARE CONTAINING BLACK SMALL SQUARE
25A4:SQUARE WITH HORIZONTAL FILL
25A5:SQUARE WITH VERTICAL FILL
25A6:SQUARE WITH ORTHOGONAL CROSSHATCH FILL
25A7:SQUARE WITH UPPER LEFT TO LOWER RIGHT FILL
25A8:SQUARE WITH UPPER RIGHT TO LOWER LEFT FILL
25A9:SQUARE WITH DIAGONAL CROSSHATCH FILL
25AA:BLACK SMALL SQUARE
25AB:WHITE SMALL SQUARE
25AC:BLACK RECTANGLE
25AD:WHITE RECTANGLE
25AE:BLACK VERTICAL RECTANGLE
25AF:WHITE VERTICAL RECTANGLE
25B0:BLACK PARALLELOGRAM
25B1:WHITE PARALLELOGRAM
25B2:BLACK UP-POINTING TRIANGLE
25B3:WHITE UP-POINTING TRIANGLE
25B4:BLACK UP-POINTING SMALL TRIANGLE
25B5:WHITE UP-POINTING SMALL TRIANGLE
25B6:BLACK RIGHT-POINTING TRIANGLE
25B7:WHITE RIGHT-POINTING TRIANGLE
25B8:BLACK RIGHT-POINTING SMALL TRIANGLE
25B9:WHITE RIGHT-POINTING SMALL TRIANGLE
25BA:BLACK RIGHT-POINTING POINTER
25BB:WHITE RIGHT-POINTING POINTER
25BC:BLACK DOWN-POINTING TRIANGLE
25BD:WHITE DOWN-POINTING TRIANGLE
25BE:BLACK DOWN-POINTING SMALL TRIANGLE
25BF:WHITE DOWN-POINTING SMALL TRIANGLE
25C0:BLACK LEFT-POINTING TRIANGLE
25C1:WHITE LEFT-POINTING TRIANGLE
25C2:BLACK LEFT-POINTING SMALL TRIANGLE
25C3:WHITE LEFT-POINTING SMALL TRIANGLE
25C4:BLACK LEFT-POINTING POINTER
25C5:WHITE LEFT-POINTING POINTER
25C6:BLACK DIAMOND
25C7:WHITE DIAMOND
25C8:WHITE DIAMOND CONTAINING BLACK SMALL DIAMOND
25C9:FISHEYE
25CA:LOZENGE
25CB:WHITE CIRCLE
25CC:DOTTED CIRCLE
25CD:CIRCLE WITH VERTICAL FILL
25CE:BULLSEYE
25CF:BLACK CIRCLE
25D0:CIRCLE WITH LEFT HALF BLACK
25D1:CIRCLE WITH RIGHT HALF BLACK
25D2:CIRCLE WITH LOWER HALF BLACK
25D3:CIRCLE WITH UPPER HALF BLACK
25D4:CIRCLE WITH UPPER RIGHT QUADRANT BLACK
25D5:CIRCLE WITH ALL BUT UPPER LEFT QUADRANT BLACK
25D6:LEFT HALF BLACK CIRCLE
25D7:RIGHT HALF BLACK CIRCLE
25D8:INVERSE BULLET
25D9:INVERSE WHITE CIRCLE
25DA:UPPER HALF INVERSE WHITE CIRCLE
25DB:LOWER HALF INVERSE WHITE CIRCLE
25DC:UPPER LEFT QUADRANT CIRCULAR ARC
25DD:UPPER RIGHT QUADRANT CIRCULAR ARC
25DE:LOWER RIGHT QUADRANT CIRCULAR ARC
25DF:LOWER LEFT QUADRANT CIRCULAR ARC
25E0:UPPER HALF CIRCLE
25E1:LOWER HALF CIRCLE
25E2:BLACK LOWER RIGHT TRIANGLE
25E3:BLACK LOWER LEFT TRIANGLE
25E4:BLACK UPPER LEFT TRIANGLE
25E5:BLACK UPPER RIGHT TRIANGLE
25E6:WHITE BULLET
25E7:SQUARE WITH LEFT HALF BLACK
25E8:SQUARE WITH RIGHT HALF BLACK
25E9:SQUARE WITH UPPER LEFT DIAGONAL HALF BLACK
25EA:SQUARE WITH LOWER RIGHT DIAGONAL HALF BLACK
25EB:WHITE SQUARE WITH VERTICAL BISECTING LINE
25EC:WHITE UP-POINTING TRIANGLE WITH DOT
25ED:UP-POINTING TRIANGLE WITH LEFT HALF BLACK
25EE:UP-POINTING TRIANGLE WITH RIGHT HALF BLACK
25EF:LARGE CIRCLE
25F0:WHITE SQUARE WITH UPPER LEFT QUADRANT
25F1:WHITE SQUARE WITH LOWER LEFT QUADRANT
25F2:WHITE SQUARE WITH LOWER RIGHT QUADRANT
25F3:WHITE SQUARE WITH UPPER RIGHT QUADRANT
25F4:WHITE CIRCLE WITH UPPER LEFT QUADRANT
25F5:WHITE CIRCLE WITH LOWER LEFT QUADRANT
25F6:WHITE CIRCLE WITH LOWER RIGHT QUADRANT
25F7:WHITE CIRCLE WITH UPPER RIGHT QUADRANT
2600:BLACK SUN WITH RAYS
2601:CLOUD
2602:UMBRELLA
2603:SNOWMAN
2604:COMET
2605:BLACK STAR
2606:WHITE STAR
2607:LIGHTNING
2608:THUNDERSTORM
2609:SUN
260A:ASCENDING NODE
260B:DESCENDING NODE
260C:CONJUNCTION
260D:OPPOSITION
260E:BLACK TELEPHONE
260F:WHITE TELEPHONE
2610:BALLOT BOX
2611:BALLOT BOX WITH CHECK
2612:BALLOT BOX WITH X
2613:SALTIRE
2619:REVERSED ROTATED FLORAL HEART BULLET
261A:BLACK LEFT POINTING INDEX
261B:BLACK RIGHT POINTING INDEX
261C:WHITE LEFT POINTING INDEX
261D:WHITE UP POINTING INDEX
261E:WHITE RIGHT POINTING INDEX
261F:WHITE DOWN POINTING INDEX
2620:SKULL AND CROSSBONES
2621:CAUTION SIGN
2622:RADIOACTIVE SIGN
2623:BIOHAZARD SIGN
2624:CADUCEUS
2625:ANKH
2626:ORTHODOX CROSS
2627:CHI RHO
2628:CROSS OF LORRAINE
2629:CROSS OF JERUSALEM
262A:STAR AND CRESCENT
262B:FARSI SYMBOL
262C:ADI SHAKTI
262D:HAMMER AND SICKLE
262E:PEACE SYMBOL
262F:YIN YANG
2630:TRIGRAM FOR HEAVEN
2631:TRIGRAM FOR LAKE
2632:TRIGRAM FOR FIRE
2633:TRIGRAM FOR THUNDER
2634:TRIGRAM FOR WIND
2635:TRIGRAM FOR WATER
2636:TRIGRAM FOR MOUNTAIN
2637:TRIGRAM FOR EARTH
2638:WHEEL OF DHARMA
2639:WHITE FROWNING FACE
263A:WHITE SMILING FACE
263B:BLACK SMILING FACE
263C:WHITE SUN WITH RAYS
263D:FIRST QUARTER MOON
263E:LAST QUARTER MOON
263F:MERCURY
2640:FEMALE SIGN
2641:EARTH
2642:MALE SIGN
2643:JUPITER
2644:SATURN
2645:URANUS
2646:NEPTUNE
2647:PLUTO
2648:ARIES
2649:TAURUS
264A:GEMINI
264B:CANCER
264C:LEO
264D:VIRGO
264E:LIBRA
264F:SCORPIUS
2650:SAGITTARIUS
2651:CAPRICORN
2652:AQUARIUS
2653:PISCES
2654:WHITE CHESS KING
2655:WHITE CHESS QUEEN
2656:WHITE CHESS ROOK
2657:WHITE CHESS BISHOP
2658:WHITE CHESS KNIGHT
2659:WHITE CHESS PAWN
265A:BLACK CHESS KING
265B:BLACK CHESS QUEEN
265C:BLACK CHESS ROOK
265D:BLACK CHESS BISHOP
265E:BLACK CHESS KNIGHT
265F:BLACK CHESS PAWN
2660:BLACK SPADE SUIT
2661:WHITE HEART SUIT
2662:WHITE DIAMOND SUIT
2663:BLACK CLUB SUIT
2664:WHITE SPADE SUIT
2665:BLACK HEART SUIT
2666:BLACK DIAMOND SUIT
2667:WHITE CLUB SUIT
2668:HOT SPRINGS
2669:QUARTER NOTE
266A:EIGHTH NOTE
266B:BEAMED EIGHTH NOTES
266C:BEAMED SIXTEENTH NOTES
266D:MUSIC FLAT SIGN
266E:MUSIC NATURAL SIGN
266F:MUSIC SHARP SIGN
2670:WEST SYRIAC CROSS
2671:EAST SYRIAC CROSS
FB00:LATIN SMALL LIGATURE FF
FB01:LATIN SMALL LIGATURE FI
FB02:LATIN SMALL LIGATURE FL
FB03:LATIN SMALL LIGATURE FFI
FB04:LATIN SMALL LIGATURE FFL
FB05:LATIN SMALL LIGATURE LONG S T
FB06:LATIN SMALL LIGATURE ST
FB13:ARMENIAN SMALL LIGATURE MEN NOW
FB14:ARMENIAN SMALL LIGATURE MEN ECH
FB15:ARMENIAN SMALL LIGATURE MEN INI
FB16:ARMENIAN SMALL LIGATURE VEW NOW
FB17:ARMENIAN SMALL LIGATURE MEN XEH
FE20:COMBINING LIGATURE LEFT HALF
FE21:COMBINING LIGATURE RIGHT HALF
FE22:COMBINING DOUBLE TILDE LEFT HALF
FE23:COMBINING DOUBLE TILDE RIGHT HALF
FFF9:INTERLINEAR ANNOTATION ANCHOR
FFFA:INTERLINEAR ANNOTATION SEPARATOR
FFFB:INTERLINEAR ANNOTATION TERMINATOR
FFFC:OBJECT REPLACEMENT CHARACTER
FFFD:REPLACEMENT CHARACTER
